Component: ARM Compiler 5.05 update 1 (build 106) Tool: armlink [4d0efa]

==============================================================================

Section Cross References

    startup_stm32f10x_cl.o(RESET) refers to startup_stm32f10x_cl.o(STACK) for __initial_sp
    startup_stm32f10x_cl.o(RESET) refers to startup_stm32f10x_cl.o(.text) for Reset_Handler
    startup_stm32f10x_cl.o(RESET) refers to stm32f10x_it.o(i.NMI_Handler) for NMI_Handler
    startup_stm32f10x_cl.o(RESET) refers to stm32f10x_it.o(i.HardFault_Handler) for HardFault_Handler
    startup_stm32f10x_cl.o(RESET) refers to stm32f10x_it.o(i.MemManage_Handler) for MemManage_Handler
    startup_stm32f10x_cl.o(RESET) refers to stm32f10x_it.o(i.BusFault_Handler) for BusFault_Handler
    startup_stm32f10x_cl.o(RESET) refers to stm32f10x_it.o(i.UsageFault_Handler) for UsageFault_Handler
    startup_stm32f10x_cl.o(RESET) refers to stm32f10x_it.o(i.SVC_Handler) for SVC_Handler
    startup_stm32f10x_cl.o(RESET) refers to stm32f10x_it.o(i.DebugMon_Handler) for DebugMon_Handler
    startup_stm32f10x_cl.o(RESET) refers to stm32f10x_it.o(i.SysTick_Handler) for SysTick_Handler
    startup_stm32f10x_cl.o(RESET) refers to stm32f10x_it.o(i.TIM2_IRQHandler) for TIM2_IRQHandler
    startup_stm32f10x_cl.o(RESET) refers to stm32f10x_it.o(i.USART1_IRQHandler) for USART1_IRQHandler
    startup_stm32f10x_cl.o(.text) refers to system_stm32f10x.o(i.SystemInit) for SystemInit
    startup_stm32f10x_cl.o(.text) refers to entry.o(.ARM.Collect$$$$00000000) for __main
    stm32f10x_adc.o(i.ADC_DeInit) refers to stm32f10x_rcc.o(i.RCC_APB2PeriphResetCmd) for RCC_APB2PeriphResetCmd
    stm32f10x_bkp.o(i.BKP_DeInit) refers to stm32f10x_rcc.o(i.RCC_BackupResetCmd) for RCC_BackupResetCmd
    stm32f10x_can.o(i.CAN_DeInit) refers to stm32f10x_rcc.o(i.RCC_APB1PeriphResetCmd) for RCC_APB1PeriphResetCmd
    stm32f10x_can.o(i.CAN_GetITStatus) refers to stm32f10x_can.o(i.CheckITStatus) for CheckITStatus
    stm32f10x_cec.o(i.CEC_DeInit) refers to stm32f10x_rcc.o(i.RCC_APB1PeriphResetCmd) for RCC_APB1PeriphResetCmd
    stm32f10x_dac.o(i.DAC_DeInit) refers to stm32f10x_rcc.o(i.RCC_APB1PeriphResetCmd) for RCC_APB1PeriphResetCmd
    stm32f10x_flash.o(i.FLASH_EnableWriteProtection) refers to stm32f10x_flash.o(i.FLASH_WaitForLastOperation) for FLASH_WaitForLastOperation
    stm32f10x_flash.o(i.FLASH_EraseAllBank1Pages) refers to stm32f10x_flash.o(i.FLASH_WaitForLastBank1Operation) for FLASH_WaitForLastBank1Operation
    stm32f10x_flash.o(i.FLASH_EraseAllPages) refers to stm32f10x_flash.o(i.FLASH_WaitForLastOperation) for FLASH_WaitForLastOperation
    stm32f10x_flash.o(i.FLASH_EraseOptionBytes) refers to stm32f10x_flash.o(i.FLASH_GetReadOutProtectionStatus) for FLASH_GetReadOutProtectionStatus
    stm32f10x_flash.o(i.FLASH_EraseOptionBytes) refers to stm32f10x_flash.o(i.FLASH_WaitForLastOperation) for FLASH_WaitForLastOperation
    stm32f10x_flash.o(i.FLASH_ErasePage) refers to stm32f10x_flash.o(i.FLASH_WaitForLastOperation) for FLASH_WaitForLastOperation
    stm32f10x_flash.o(i.FLASH_ProgramHalfWord) refers to stm32f10x_flash.o(i.FLASH_WaitForLastOperation) for FLASH_WaitForLastOperation
    stm32f10x_flash.o(i.FLASH_ProgramOptionByteData) refers to stm32f10x_flash.o(i.FLASH_WaitForLastOperation) for FLASH_WaitForLastOperation
    stm32f10x_flash.o(i.FLASH_ProgramWord) refers to stm32f10x_flash.o(i.FLASH_WaitForLastOperation) for FLASH_WaitForLastOperation
    stm32f10x_flash.o(i.FLASH_ReadOutProtection) refers to stm32f10x_flash.o(i.FLASH_WaitForLastOperation) for FLASH_WaitForLastOperation
    stm32f10x_flash.o(i.FLASH_UserOptionByteConfig) refers to stm32f10x_flash.o(i.FLASH_WaitForLastOperation) for FLASH_WaitForLastOperation
    stm32f10x_flash.o(i.FLASH_WaitForLastBank1Operation) refers to stm32f10x_flash.o(i.FLASH_GetBank1Status) for FLASH_GetBank1Status
    stm32f10x_flash.o(i.FLASH_WaitForLastOperation) refers to stm32f10x_flash.o(i.FLASH_GetBank1Status) for FLASH_GetBank1Status
    stm32f10x_gpio.o(i.GPIO_AFIODeInit) refers to stm32f10x_rcc.o(i.RCC_APB2PeriphResetCmd) for RCC_APB2PeriphResetCmd
    stm32f10x_gpio.o(i.GPIO_DeInit) refers to stm32f10x_rcc.o(i.RCC_APB2PeriphResetCmd) for RCC_APB2PeriphResetCmd
    stm32f10x_i2c.o(i.I2C_DeInit) refers to stm32f10x_rcc.o(i.RCC_APB1PeriphResetCmd) for RCC_APB1PeriphResetCmd
    stm32f10x_i2c.o(i.I2C_Init) refers to stm32f10x_rcc.o(i.RCC_GetClocksFreq) for RCC_GetClocksFreq
    stm32f10x_pwr.o(i.PWR_DeInit) refers to stm32f10x_rcc.o(i.RCC_APB1PeriphResetCmd) for RCC_APB1PeriphResetCmd
    stm32f10x_rcc.o(i.RCC_GetClocksFreq) refers to stm32f10x_rcc.o(.data) for .data
    stm32f10x_rcc.o(i.RCC_WaitForHSEStartUp) refers to stm32f10x_rcc.o(i.RCC_GetFlagStatus) for RCC_GetFlagStatus
    stm32f10x_rtc.o(i.RTC_SetAlarm) refers to stm32f10x_rtc.o(i.RTC_EnterConfigMode) for RTC_EnterConfigMode
[...]
    sys.o(i.sys_rcc_init) refers to stm32f10x_rcc.o(i.RCC_PCLK1Config) for RCC_PCLK1Config
    sys.o(i.sys_rcc_init) refers to stm32f10x_rcc.o(i.RCC_PLLConfig) for RCC_PLLConfig
    sys.o(i.sys_rcc_init) refers to stm32f10x_rcc.o(i.RCC_PLLCmd) for RCC_PLLCmd
    sys.o(i.sys_rcc_init) refers to stm32f10x_rcc.o(i.RCC_SYSCLKConfig) for RCC_SYSCLKConfig
    sys.o(i.sys_rcc_init) refers to stm32f10x_rcc.o(i.RCC_GetSYSCLKSource) for RCC_GetSYSCLKSource
    sys.o(i.sys_timer2_init) refers to stm32f10x_rcc.o(i.RCC_APB1PeriphClockCmd) for RCC_APB1PeriphClockCmd
    sys.o(i.sys_timer2_init) refers to stm32f10x_tim.o(i.TIM_TimeBaseInit) for TIM_TimeBaseInit
    sys.o(i.sys_timer2_init) refers to stm32f10x_tim.o(i.TIM_ITConfig) for TIM_ITConfig
    sys.o(i.sys_timer2_init) refers to stm32f10x_tim.o(i.TIM_Cmd) for TIM_Cmd
    sys.o(i.sys_timer2_init) refers to misc.o(i.NVIC_Init) for NVIC_Init
    sys.o(i.sys_uart1_getchar) refers to stm32f10x_usart.o(i.USART_ReceiveData) for USART_ReceiveData
    sys.o(i.sys_uart1_init) refers to stm32f10x_rcc.o(i.RCC_APB2PeriphClockCmd) for RCC_APB2PeriphClockCmd
    sys.o(i.sys_uart1_init) refers to stm32f10x_gpio.o(i.GPIO_Init) for GPIO_Init
    sys.o(i.sys_uart1_init) refers to stm32f10x_usart.o(i.USART_Init) for USART_Init
    sys.o(i.sys_uart1_init) refers to stm32f10x_usart.o(i.USART_ITConfig) for USART_ITConfig
    sys.o(i.sys_uart1_init) refers to stm32f10x_usart.o(i.USART_Cmd) for USART_Cmd
    sys.o(i.sys_uart1_init) refers to misc.o(i.NVIC_Init) for NVIC_Init
    sys.o(i.sys_uart1_sendchar) refers to stm32f10x_usart.o(i.USART_GetFlagStatus) for USART_GetFlagStatus
    sys.o(i.sys_uart1_sendchar) refers to stm32f10x_usart.o(i.USART_SendData) for USART_SendData
    debug.o(i.debug_flash) refers to flash.o(i.flash_rd) for flash_rd
    debug.o(i.debug_flash) refers to stm32f10x_flash.o(i.FLASH_Unlock) for FLASH_Unlock
    debug.o(i.debug_flash) refers to stm32f10x_flash.o(i.FLASH_ErasePage) for FLASH_ErasePage
    debug.o(i.debug_flash) refers to stm32f10x_flash.o(i.FLASH_Lock) for FLASH_Lock
    debug.o(i.debug_flash) refers to flash.o(i.flash_wr) for flash_wr
    debug.o(i.debug_flash) refers to debug.o(.bss) for .bss
    boot.o(i.default_var) refers to memcpya.o(.text) for __aeabi_memcpy
    boot.o(i.default_var) refers to flash.o(i.flash_erase_page) for flash_erase_page
    boot.o(i.default_var) refers to flash.o(i.flash_wr) for flash_wr
    boot.o(i.default_var) refers to boot.o(.bss) for .bss
    boot.o(i.get_str) refers to boot.o(.data) for .data
    boot.o(i.n_boot_memu) refers to boot.o(i.rd_boot_var) for rd_boot_var
    boot.o(i.n_boot_memu) refers to command.o(i.command_init) for command_init
    boot.o(i.n_boot_memu) refers to boot.o(i.send_str) for send_str
    boot.o(i.n_boot_memu) refers to boot.o(i.n_boot_printf) for n_boot_printf
    boot.o(i.n_boot_memu) refers to cpu_c.o(i.__cpu_disable_int) for __cpu_disable_int
    boot.o(i.n_boot_memu) refers to cpu_c.o(i.__cpu_goto_app) for __cpu_goto_app
    boot.o(i.n_boot_memu) refers to boot.o(i.send_str_prefix) for send_str_prefix
    boot.o(i.n_boot_memu) refers to boot.o(i.get_str) for get_str
    boot.o(i.n_boot_memu) refers to boot.o(i.translate_command) for translate_command
    boot.o(i.n_boot_memu) refers to boot.o(i.receive_command) for receive_command
    boot.o(i.n_boot_memu) refers to boot.o(.data) for .data
    boot.o(i.n_boot_memu) refers to boot.o(.bss) for .bss
    boot.o(i.n_boot_printf) refers to sys.o(i.sys_uart1_sendchar) for sys_uart1_sendchar
    boot.o(i.n_boot_printf) refers to boot.o(i.send_hex) for send_hex
    boot.o(i.n_boot_printf) refers to boot.o(i.send_var) for send_var
    boot.o(i.printf_var) refers to boot.o(i.n_boot_printf) for n_boot_printf
    boot.o(i.printf_var) refers to boot.o(.bss) for .bss
    boot.o(i.rd_boot_var) refers to flash.o(i.flash_rd) for flash_rd
    boot.o(i.rd_boot_var) refers to boot.o(i.default_var) for default_var
    boot.o(i.rd_boot_var) refers to memcpya.o(.text) for __aeabi_memcpy
    boot.o(i.rd_boot_var) refers to boot.o(.bss) for .bss
    boot.o(i.receive_command) refers to sys.o(i.sys_uart1_sendchar) for sys_uart1_sendchar
    boot.o(i.receive_command) refers to boot.o(i.send_str) for send_str
    boot.o(i.receive_command) refers to boot.o(.data) for .data
    boot.o(i.receive_command) refers to boot.o(.bss) for .bss
    boot.o(i.send_hex) refers to boot.o(i.send_str) for send_str
    boot.o(i.send_hex) refers to sys.o(i.sys_uart1_sendchar) for sys_uart1_sendchar
    boot.o(i.send_str) refers to sys.o(i.sys_uart1_sendchar) for sys_uart1_sendchar
    boot.o(i.send_str_prefix) refers to boot.o(i.send_str) for send_str
    boot.o(i.send_var) refers to sys.o(i.sys_uart1_sendchar) for sys_uart1_sendchar
    boot.o(i.translate_command) refers to boot.o(i.translate_tag) for translate_tag
    boot.o(i.translate_command) refers to boot.o(i.__str_cmp) for __str_cmp
    boot.o(i.translate_command) refers to boot.o(i.send_str) for send_str
    boot.o(i.translate_command) refers to boot.o(.data) for .data
    boot.o(i.translate_command) refers to boot.o(.bss) for .bss
    boot.o(i.translate_command) refers to command.o(.bss) for gt_comman
    boot.o(i.translate_command) refers to command.o(.data) for command_index
    boot.o(i.translate_command) refers to boot.o(.conststring) for .conststring
    boot.o(i.translate_tag) refers to boot.o(.bss) for .bss
    boot.o(i.translate_tag) refers to command.o(.data) for g_comman_num
    boot.o(i.translate_tag) refers to command.o(.bss) for gp_comman_tag
    boot.o(i.wr_boot_var) refers to memcpya.o(.text) for __aeabi_memcpy
    boot.o(i.wr_boot_var) refers to flash.o(i.flash_erase_page) for flash_erase_page
    boot.o(i.wr_boot_var) refers to flash.o(i.flash_wr) for flash_wr
    boot.o(i.wr_boot_var) refers to boot.o(.bss) for .bss
    cpu_c.o(i.__cpu_disable_int) refers to misc.o(i.NVIC_Init) for NVIC_Init
    cpu_c.o(i.__cpu_goto_app) refers to core_cm3.o(.emb_text) for __set_MSP
    xmodem.o(i.xm_disp) refers to xmodem.o(i.xm_outbyte) for xm_outbyte
    xmodem.o(i.xm_inbyte) refers to xmodem_hw.o(i.xm_port_read) for xm_port_read
    xmodem.o(i.xm_inbyte) refers to xmodem.o(.data) for .data
    xmodem.o(i.xm_outbyte) refers to xmodem_hw.o(i.xm_port_write) for xm_port_write
    xmodem.o(i.xm_receive) refers to xmodem.o(i.xm_disp) for xm_disp
    xmodem.o(i.xm_receive) refers to xmodem.o(i.xm_outbyte) for xm_outbyte
    xmodem.o(i.xm_receive) refers to xmodem.o(i.xm_inbyte) for xm_inbyte
    xmodem.o(i.xm_receive) refers to xmodem_crc16.o(i.xm_crc16_ccitt) for xm_crc16_ccitt
    xmodem.o(i.xm_receive) refers to flash.o(i.flash_wr) for flash_wr
    xmodem.o(i.xm_receive) refers to flash.o(i.flash_rd) for flash_rd
    xmodem.o(i.xm_receive) refers to boot.o(.bss) for gt_boot_var
    xmodem.o(i.xm_receive) refers to xmodem.o(.data) for .data
    xmodem.o(i.xm_receive) refers to xmodem.o(.bss) for .bss
    xmodem.o(i.xm_transmit) refers to xmodem.o(i.xm_inbyte) for xm_inbyte
    xmodem.o(i.xm_transmit) refers to xmodem.o(i.xm_outbyte) for xm_outbyte
    xmodem.o(i.xm_transmit) refers to xmodem.o(i.xm_memset) for xm_memset
    xmodem.o(i.xm_transmit) refers to xmodem.o(i.xm_memcpy) for xm_memcpy
    xmodem.o(i.xm_transmit) refers to xmodem_crc16.o(i.xm_crc16_ccitt) for xm_crc16_ccitt
    xmodem.o(i.xm_transmit) refers to xmodem.o(.data) for .data
    command.o(i.b_fun) refers to boot.o(i.send_str) for send_str
    command.o(i.b_fun) refers to cpu_c.o(i.__cpu_disable_int) for __cpu_disable_int
    command.o(i.b_fun) refers to cpu_c.o(i.__cpu_goto_app) for __cpu_goto_app
    command.o(i.b_fun) refers to boot.o(.bss) for gt_boot_var
    command.o(i.command_init) refers to command.o(.data) for .data
    command.o(i.command_init) refers to command.o(.bss) for .bss
    command.o(i.command_init) refers to command.o(i.b_fun) for b_fun
    command.o(i.command_init) refers to command.o(i.s_fun) for s_fun
    command.o(i.command_init) refers to command.o(i.printf_var_fun) for printf_var_fun
    command.o(i.command_init) refers to command.o(i.setvar_fun) for setvar_fun
    command.o(i.command_init) refers to command.o(i.eraseflash_fun) for eraseflash_fun
    command.o(i.printf_var_fun) refers to boot.o(i.n_boot_printf) for n_boot_printf
    command.o(i.printf_var_fun) refers to boot.o(.bss) for gt_boot_var
    command.o(i.s_fun) refers to flash.o(i.falsh_erase_len) for falsh_erase_len
    command.o(i.s_fun) refers to boot.o(i.send_str) for send_str
    command.o(i.s_fun) refers to stm32f10x_usart.o(i.USART_ITConfig) for USART_ITConfig
    command.o(i.s_fun) refers to xmodem.o(i.xm_receive) for xm_receive
    command.o(i.s_fun) refers to boot.o(.bss) for gt_boot_var
    command.o(i.setvar_fun) refers to boot.o(i.__str_cmp) for __str_cmp
    command.o(i.setvar_fun) refers to boot.o(i.default_var) for default_var
    command.o(i.setvar_fun) refers to boot.o(i.str_to_hex) for str_to_hex
    command.o(i.setvar_fun) refers to boot.o(i.wr_boot_var) for wr_boot_var
    command.o(i.setvar_fun) refers to boot.o(i.send_str) for send_str
    command.o(i.setvar_fun) refers to command.o(.data) for .data
    command.o(i.setvar_fun) refers to command.o(.bss) for .bss
    command.o(i.setvar_fun) refers to boot.o(.bss) for gt_boot_var
    command.o(.data) refers to command.o(.conststring) for .conststring
    flash.o(i.falsh_erase_len) refers to flash.o(i.flash_erase_page) for flash_erase_page
    flash.o(i.flash_erase_page) refers to stm32f10x_flash.o(i.FLASH_Unlock) for FLASH_Unlock
    flash.o(i.flash_erase_page) refers to stm32f10x_flash.o(i.FLASH_ErasePage) for FLASH_ErasePage
    flash.o(i.flash_erase_page) refers to stm32f10x_flash.o(i.FLASH_Lock) for FLASH_Lock
    flash.o(i.flash_wr) refers to stm32f10x_flash.o(i.FLASH_Unlock) for FLASH_Unlock
    flash.o(i.flash_wr) refers to stm32f10x_flash.o(i.FLASH_ProgramWord) for FLASH_ProgramWord
    flash.o(i.flash_wr) refers to stm32f10x_flash.o(i.FLASH_Lock) for FLASH_Lock
    xmodem_crc16.o(i.xm_crc16_ccitt) refers to xmodem_crc16.o(.constdata) for .constdata
    xmodem_hw.o(i.xm_port_read) refers to stm32f10x_usart.o(i.USART_GetFlagStatus) for USART_GetFlagStatus
    xmodem_hw.o(i.xm_port_read) refers to stm32f10x_usart.o(i.USART_ReceiveData) for USART_ReceiveData
    xmodem_hw.o(i.xm_port_write) refers to stm32f10x_usart.o(i.USART_GetFlagStatus) for USART_GetFlagStatus
    xmodem_hw.o(i.xm_timer) refers to xmodem.o(.data) for xmodem_timeout
    entry.o(.ARM.Collect$$$$00000000) refers (Special) to entry10a.o(.ARM.Collect$$$$0000000D) for __rt_final_cpp
    entry.o(.ARM.Collect$$$$00000000) refers (Special) to entry11a.o(.ARM.Collect$$$$0000000F) for __rt_final_exit
    entry.o(.ARM.Collect$$$$00000000) refers (Special) to entry7b.o(.ARM.Collect$$$$00000008) for _main_clock
    entry.o(.ARM.Collect$$$$00000000) refers (Special) to entry8b.o(.ARM.Collect$$$$0000000A) for _main_cpp_init
    entry.o(.ARM.Collect$$$$00000000) refers (Special) to entry9a.o(.ARM.Collect$$$$0000000B) for _main_init
    entry.o(.ARM.Collect$$$$00000000) refers (Special) to entry5.o(.ARM.Collect$$$$00000004) for _main_scatterload
    entry.o(.ARM.Collect$$$$00000000) refers (Special) to entry2.o(.ARM.Collect$$$$00000001) for _main_stk
    entry2.o(.ARM.Collect$$$$00000001) refers to entry2.o(.ARM.Collect$$$$00002712) for __lit__00000000
    entry2.o(.ARM.Collect$$$$00002712) refers to startup_stm32f10x_cl.o(STACK) for __initial_sp
    entry2.o(__vectab_stack_and_reset_area) refers to startup_stm32f10x_cl.o(STACK) for __initial_sp
    entry2.o(__vectab_stack_and_reset_area) refers to entry.o(.ARM.Collect$$$$00000000) for __main
    entry5.o(.ARM.Collect$$$$00000004) refers to init.o(.text) for __scatterload
    entry9a.o(.ARM.Collect$$$$0000000B) refers to main.o(i.main) for main
    entry9b.o(.ARM.Collect$$$$0000000C) refers to main.o(i.main) for main
    init.o(.text) refers to entry5.o(.ARM.Collect$$$$00000004) for __main_after_scatterload


==============================================================================

Removing Unused input sections from the image.

    Removing startup_stm32f10x_cl.o(HEAP), (512 bytes).
    Removing misc.o(i.NVIC_PriorityGroupConfig), (20 bytes).
    Removing misc.o(i.NVIC_SetVectorTable), (20 bytes).
    Removing misc.o(i.NVIC_SystemLPConfig), (24 bytes).
    Removing misc.o(i.SysTick_CLKSourceConfig), (24 bytes).
    Removing stm32f10x_adc.o(i.ADC_AnalogWatchdogCmd), (16 bytes).
    Removing stm32f10x_adc.o(i.ADC_AnalogWatchdogSingleChannelConfig), (12 bytes).
    Removing stm32f10x_adc.o(i.ADC_AnalogWatchdogThresholdsConfig), (6 bytes).
    Removing stm32f10x_adc.o(i.ADC_AutoInjectedConvCmd), (20 bytes).
    Removing stm32f10x_adc.o(i.ADC_ClearFlag), (6 bytes).
    Removing stm32f10x_adc.o(i.ADC_ClearITPendingBit), (8 bytes).
    Removing stm32f10x_adc.o(i.ADC_Cmd), (20 bytes).
    Removing stm32f10x_adc.o(i.ADC_DMACmd), (20 bytes).
    Removing stm32f10x_adc.o(i.ADC_DeInit), (68 bytes).
    Removing stm32f10x_adc.o(i.ADC_DiscModeChannelCountConfig), (16 bytes).
    Removing stm32f10x_adc.o(i.ADC_DiscModeCmd), (20 bytes).
    Removing stm32f10x_adc.o(i.ADC_ExternalTrigConvCmd), (20 bytes).
    Removing stm32f10x_adc.o(i.ADC_ExternalTrigInjectedConvCmd), (20 bytes).
    Removing stm32f10x_adc.o(i.ADC_ExternalTrigInjectedConvConfig), (12 bytes).
    Removing stm32f10x_adc.o(i.ADC_GetCalibrationStatus), (14 bytes).
    Removing stm32f10x_adc.o(i.ADC_GetConversionValue), (6 bytes).
    Removing stm32f10x_adc.o(i.ADC_GetDualModeConversionValue), (12 bytes).
    Removing stm32f10x_adc.o(i.ADC_GetFlagStatus), (14 bytes).
    Removing stm32f10x_adc.o(i.ADC_GetITStatus), (28 bytes).
    Removing stm32f10x_adc.o(i.ADC_GetInjectedConversionValue), (14 bytes).
    Removing stm32f10x_adc.o(i.ADC_GetResetCalibrationStatus), (14 bytes).
    Removing stm32f10x_adc.o(i.ADC_GetSoftwareStartConvStatus), (14 bytes).
    Removing stm32f10x_adc.o(i.ADC_GetSoftwareStartInjectedConvCmdStatus), (14 bytes).
    Removing stm32f10x_adc.o(i.ADC_ITConfig), (18 bytes).
    Removing stm32f10x_adc.o(i.ADC_Init), (72 bytes).
    Removing stm32f10x_adc.o(i.ADC_InjectedChannelConfig), (74 bytes).
    Removing stm32f10x_adc.o(i.ADC_InjectedDiscModeCmd), (20 bytes).
    Removing stm32f10x_adc.o(i.ADC_InjectedSequencerLengthConfig), (16 bytes).
    Removing stm32f10x_adc.o(i.ADC_RegularChannelConfig), (116 bytes).
    Removing stm32f10x_adc.o(i.ADC_ResetCalibration), (10 bytes).
    Removing stm32f10x_adc.o(i.ADC_SetInjectedOffset), (10 bytes).
    Removing stm32f10x_adc.o(i.ADC_SoftwareStartConvCmd), (20 bytes).
    Removing stm32f10x_adc.o(i.ADC_SoftwareStartInjectedConvCmd), (20 bytes).
    Removing stm32f10x_adc.o(i.ADC_StartCalibration), (10 bytes).
    Removing stm32f10x_adc.o(i.ADC_StructInit), (18 bytes).
    Removing stm32f10x_adc.o(i.ADC_TempSensorVrefintCmd), (28 bytes).
    Removing stm32f10x_bkp.o(i.BKP_ClearFlag), (16 bytes).
    Removing stm32f10x_bkp.o(i.BKP_ClearITPendingBit), (16 bytes).
    Removing stm32f10x_bkp.o(i.BKP_DeInit), (18 bytes).
    Removing stm32f10x_bkp.o(i.BKP_GetFlagStatus), (12 bytes).
    Removing stm32f10x_bkp.o(i.BKP_GetITStatus), (12 bytes).
    Removing stm32f10x_bkp.o(i.BKP_ITConfig), (12 bytes).
    Removing stm32f10x_bkp.o(i.BKP_RTCOutputConfig), (20 bytes).
    Removing stm32f10x_bkp.o(i.BKP_ReadBackupRegister), (16 bytes).
    Removing stm32f10x_bkp.o(i.BKP_SetRTCCalibrationValue), (20 bytes).
    Removing stm32f10x_bkp.o(i.BKP_TamperPinCmd), (12 bytes).
    Removing stm32f10x_bkp.o(i.BKP_TamperPinLevelConfig), (12 bytes).
    Removing stm32f10x_bkp.o(i.BKP_WriteBackupRegister), (16 bytes).
    Removing stm32f10x_can.o(i.CAN_CancelTransmit), (36 bytes).
    Removing stm32f10x_can.o(i.CAN_ClearFlag), (48 bytes).
    Removing stm32f10x_can.o(i.CAN_ClearITPendingBit), (120 bytes).
    Removing stm32f10x_can.o(i.CAN_DBGFreeze), (20 bytes).
    Removing stm32f10x_can.o(i.CAN_DeInit), (44 bytes).
    Removing stm32f10x_can.o(i.CAN_FIFORelease), (22 bytes).
    Removing stm32f10x_can.o(i.CAN_FilterInit), (204 bytes).
    Removing stm32f10x_can.o(i.CAN_GetFlagStatus), (52 bytes).
    Removing stm32f10x_can.o(i.CAN_GetITStatus), (168 bytes).
    Removing stm32f10x_can.o(i.CAN_GetLSBTransmitErrorCounter), (8 bytes).
    Removing stm32f10x_can.o(i.CAN_GetLastErrorCode), (10 bytes).
    Removing stm32f10x_can.o(i.CAN_GetReceiveErrorCounter), (6 bytes).
    Removing stm32f10x_can.o(i.CAN_ITConfig), (16 bytes).
    Removing stm32f10x_can.o(i.CAN_Init), (232 bytes).
    Removing stm32f10x_can.o(i.CAN_MessagePending), (22 bytes).
    Removing stm32f10x_can.o(i.CAN_OperatingModeRequest), (140 bytes).
    Removing stm32f10x_can.o(i.CAN_Receive), (144 bytes).
    Removing stm32f10x_can.o(i.CAN_SlaveStartBank), (44 bytes).
    Removing stm32f10x_can.o(i.CAN_Sleep), (30 bytes).
    Removing stm32f10x_can.o(i.CAN_StructInit), (32 bytes).
    Removing stm32f10x_can.o(i.CAN_TTComModeCmd), (90 bytes).
    Removing stm32f10x_can.o(i.CAN_Transmit), (164 bytes).
    Removing stm32f10x_can.o(i.CAN_TransmitStatus), (108 bytes).
    Removing stm32f10x_can.o(i.CAN_WakeUp), (40 bytes).
    Removing stm32f10x_can.o(i.CheckITStatus), (12 bytes).
    Removing stm32f10x_cec.o(i.CEC_ClearFlag), (32 bytes).
    Removing stm32f10x_cec.o(i.CEC_ClearITPendingBit), (32 bytes).
    Removing stm32f10x_cec.o(i.CEC_Cmd), (28 bytes).
    Removing stm32f10x_cec.o(i.CEC_DeInit), (24 bytes).
    Removing stm32f10x_cec.o(i.CEC_EndOfMessageCmd), (12 bytes).
    Removing stm32f10x_cec.o(i.CEC_GetFlagStatus), (36 bytes).
    Removing stm32f10x_cec.o(i.CEC_GetITStatus), (36 bytes).
    Removing stm32f10x_cec.o(i.CEC_ITConfig), (12 bytes).
    Removing stm32f10x_cec.o(i.CEC_Init), (24 bytes).
    Removing stm32f10x_cec.o(i.CEC_OwnAddressConfig), (12 bytes).
    Removing stm32f10x_cec.o(i.CEC_ReceiveDataByte), (12 bytes).
    Removing stm32f10x_cec.o(i.CEC_SendDataByte), (12 bytes).
    Removing stm32f10x_cec.o(i.CEC_SetPrescaler), (12 bytes).
    Removing stm32f10x_cec.o(i.CEC_StartOfMessage), (16 bytes).
    Removing stm32f10x_crc.o(i.CRC_CalcBlockCRC), (28 bytes).
    Removing stm32f10x_crc.o(i.CRC_CalcCRC), (12 bytes).
    Removing stm32f10x_crc.o(i.CRC_GetCRC), (12 bytes).
    Removing stm32f10x_crc.o(i.CRC_GetIDRegister), (12 bytes).
    Removing stm32f10x_crc.o(i.CRC_ResetDR), (12 bytes).
    Removing stm32f10x_crc.o(i.CRC_SetIDRegister), (12 bytes).
    Removing stm32f10x_dac.o(i.DAC_Cmd), (24 bytes).
    Removing stm32f10x_dac.o(i.DAC_DMACmd), (24 bytes).
    Removing stm32f10x_dac.o(i.DAC_DeInit), (24 bytes).
    Removing stm32f10x_dac.o(i.DAC_DualSoftwareTriggerCmd), (28 bytes).
    Removing stm32f10x_dac.o(i.DAC_GetDataOutputValue), (24 bytes).
    Removing stm32f10x_dac.o(i.DAC_Init), (40 bytes).
    Removing stm32f10x_dac.o(i.DAC_SetChannel1Data), (20 bytes).
    Removing stm32f10x_dac.o(i.DAC_SetChannel2Data), (20 bytes).
    Removing stm32f10x_dac.o(i.DAC_SetDualChannelData), (28 bytes).
    Removing stm32f10x_dac.o(i.DAC_SoftwareTriggerCmd), (28 bytes).
    Removing stm32f10x_dac.o(i.DAC_StructInit), (12 bytes).
    Removing stm32f10x_dac.o(i.DAC_WaveGenerationCmd), (24 bytes).
    Removing stm32f10x_dbgmcu.o(i.DBGMCU_Config), (24 bytes).
    Removing stm32f10x_dbgmcu.o(i.DBGMCU_GetDEVID), (16 bytes).
    Removing stm32f10x_dbgmcu.o(i.DBGMCU_GetREVID), (12 bytes).
    Removing stm32f10x_dma.o(i.DMA_ClearFlag), (24 bytes).
    Removing stm32f10x_dma.o(i.DMA_ClearITPendingBit), (24 bytes).
    Removing stm32f10x_dma.o(i.DMA_Cmd), (22 bytes).
    Removing stm32f10x_dma.o(i.DMA_DeInit), (228 bytes).
    Removing stm32f10x_dma.o(i.DMA_GetCurrDataCounter), (6 bytes).
    Removing stm32f10x_dma.o(i.DMA_GetFlagStatus), (32 bytes).
    Removing stm32f10x_dma.o(i.DMA_GetITStatus), (32 bytes).
    Removing stm32f10x_dma.o(i.DMA_ITConfig), (16 bytes).
    Removing stm32f10x_dma.o(i.DMA_Init), (58 bytes).
    Removing stm32f10x_dma.o(i.DMA_SetCurrDataCounter), (4 bytes).
    Removing stm32f10x_dma.o(i.DMA_StructInit), (26 bytes).
    Removing stm32f10x_exti.o(i.EXTI_ClearFlag), (12 bytes).
    Removing stm32f10x_exti.o(i.EXTI_ClearITPendingBit), (12 bytes).
    Removing stm32f10x_exti.o(i.EXTI_DeInit), (36 bytes).
    Removing stm32f10x_exti.o(i.EXTI_GenerateSWInterrupt), (16 bytes).
    Removing stm32f10x_exti.o(i.EXTI_GetFlagStatus), (20 bytes).
    Removing stm32f10x_exti.o(i.EXTI_GetITStatus), (32 bytes).
    Removing stm32f10x_exti.o(i.EXTI_Init), (112 bytes).
    Removing stm32f10x_exti.o(i.EXTI_StructInit), (14 bytes).
    Removing stm32f10x_flash.o(i.FLASH_ClearFlag), (12 bytes).
    Removing stm32f10x_flash.o(i.FLASH_EnableWriteProtection), (172 bytes).
    Removing stm32f10x_flash.o(i.FLASH_EraseAllBank1Pages), (56 bytes).
    Removing stm32f10x_flash.o(i.FLASH_EraseAllPages), (56 bytes).
    Removing stm32f10x_flash.o(i.FLASH_EraseOptionBytes), (124 bytes).
    Removing stm32f10x_flash.o(i.FLASH_GetFlagStatus), (32 bytes).
    Removing stm32f10x_flash.o(i.FLASH_GetPrefetchBufferStatus), (20 bytes).
    Removing stm32f10x_flash.o(i.FLASH_GetReadOutProtectionStatus), (20 bytes).
    Removing stm32f10x_flash.o(i.FLASH_GetStatus), (40 bytes).
    Removing stm32f10x_flash.o(i.FLASH_GetUserOptionByte), (12 bytes).
    Removing stm32f10x_flash.o(i.FLASH_GetWriteProtectionOptionByte), (12 bytes).
    Removing stm32f10x_flash.o(i.FLASH_HalfCycleAccessCmd), (24 bytes).
    Removing stm32f10x_flash.o(i.FLASH_ITConfig), (24 bytes).
    Removing stm32f10x_flash.o(i.FLASH_LockBank1), (16 bytes).
    Removing stm32f10x_flash.o(i.FLASH_PrefetchBufferCmd), (24 bytes).
    Removing stm32f10x_flash.o(i.FLASH_ProgramHalfWord), (52 bytes).
    Removing stm32f10x_flash.o(i.FLASH_ProgramOptionByteData), (76 bytes).
    Removing stm32f10x_flash.o(i.FLASH_ReadOutProtection), (136 bytes).
    Removing stm32f10x_flash.o(i.FLASH_SetLatency), (20 bytes).
    Removing stm32f10x_flash.o(i.FLASH_UnlockBank1), (24 bytes).
    Removing stm32f10x_flash.o(i.FLASH_UserOptionByteConfig), (96 bytes).
    Removing stm32f10x_flash.o(i.FLASH_WaitForLastBank1Operation), (36 bytes).
    Removing stm32f10x_fsmc.o(i.FSMC_ClearFlag), (38 bytes).
    Removing stm32f10x_fsmc.o(i.FSMC_ClearITPendingBit), (44 bytes).
    Removing stm32f10x_fsmc.o(i.FSMC_GetECC), (18 bytes).
    Removing stm32f10x_fsmc.o(i.FSMC_GetFlagStatus), (40 bytes).
    Removing stm32f10x_fsmc.o(i.FSMC_GetITStatus), (48 bytes).
    Removing stm32f10x_fsmc.o(i.FSMC_ITConfig), (72 bytes).
    Removing stm32f10x_fsmc.o(i.FSMC_NANDCmd), (56 bytes).
    Removing stm32f10x_fsmc.o(i.FSMC_NANDDeInit), (40 bytes).
    Removing stm32f10x_fsmc.o(i.FSMC_NANDECCCmd), (56 bytes).
    Removing stm32f10x_fsmc.o(i.FSMC_NANDInit), (104 bytes).
    Removing stm32f10x_fsmc.o(i.FSMC_NANDStructInit), (54 bytes).
    Removing stm32f10x_fsmc.o(i.FSMC_NORSRAMCmd), (32 bytes).
    Removing stm32f10x_fsmc.o(i.FSMC_NORSRAMDeInit), (40 bytes).
    Removing stm32f10x_fsmc.o(i.FSMC_NORSRAMInit), (200 bytes).
    Removing stm32f10x_fsmc.o(i.FSMC_NORSRAMStructInit), (98 bytes).
    Removing stm32f10x_fsmc.o(i.FSMC_PCCARDCmd), (32 bytes).
    Removing stm32f10x_fsmc.o(i.FSMC_PCCARDDeInit), (26 bytes).
    Removing stm32f10x_fsmc.o(i.FSMC_PCCARDInit), (102 bytes).
    Removing stm32f10x_fsmc.o(i.FSMC_PCCARDStructInit), (60 bytes).
    Removing stm32f10x_gpio.o(i.GPIO_AFIODeInit), (22 bytes).
    Removing stm32f10x_gpio.o(i.GPIO_DeInit), (180 bytes).
    Removing stm32f10x_gpio.o(i.GPIO_ETH_MediaInterfaceConfig), (12 bytes).
    Removing stm32f10x_gpio.o(i.GPIO_EXTILineConfig), (40 bytes).
    Removing stm32f10x_gpio.o(i.GPIO_EventOutputCmd), (12 bytes).
    Removing stm32f10x_gpio.o(i.GPIO_EventOutputConfig), (28 bytes).
    Removing stm32f10x_gpio.o(i.GPIO_PinLockConfig), (16 bytes).
    Removing stm32f10x_gpio.o(i.GPIO_PinRemapConfig), (88 bytes).
    Removing stm32f10x_gpio.o(i.GPIO_ReadInputData), (6 bytes).
    Removing stm32f10x_gpio.o(i.GPIO_ReadInputDataBit), (14 bytes).
    Removing stm32f10x_gpio.o(i.GPIO_ReadOutputData), (6 bytes).
    Removing stm32f10x_gpio.o(i.GPIO_ReadOutputDataBit), (14 bytes).
    Removing stm32f10x_gpio.o(i.GPIO_ResetBits), (4 bytes).
    Removing stm32f10x_gpio.o(i.GPIO_SetBits), (4 bytes).
    Removing stm32f10x_gpio.o(i.GPIO_StructInit), (16 bytes).
    Removing stm32f10x_gpio.o(i.GPIO_Write), (4 bytes).
    Removing stm32f10x_gpio.o(i.GPIO_WriteBit), (10 bytes).
    Removing stm32f10x_i2c.o(i.I2C_ARPCmd), (20 bytes).
    Removing stm32f10x_i2c.o(i.I2C_AcknowledgeConfig), (20 bytes).
    Removing stm32f10x_i2c.o(i.I2C_CalculatePEC), (20 bytes).
    Removing stm32f10x_i2c.o(i.I2C_CheckEvent), (24 bytes).
    Removing stm32f10x_i2c.o(i.I2C_ClearFlag), (6 bytes).
    Removing stm32f10x_i2c.o(i.I2C_ClearITPendingBit), (6 bytes).
    Removing stm32f10x_i2c.o(i.I2C_Cmd), (20 bytes).
    Removing stm32f10x_i2c.o(i.I2C_DMACmd), (20 bytes).
    Removing stm32f10x_i2c.o(i.I2C_DMALastTransferCmd), (20 bytes).
    Removing stm32f10x_i2c.o(i.I2C_DeInit), (44 bytes).
    Removing stm32f10x_i2c.o(i.I2C_DualAddressCmd), (20 bytes).
    Removing stm32f10x_i2c.o(i.I2C_FastModeDutyCycleConfig), (22 bytes).
    Removing stm32f10x_i2c.o(i.I2C_GeneralCallCmd), (20 bytes).
    Removing stm32f10x_i2c.o(i.I2C_GenerateSTART), (20 bytes).
    Removing stm32f10x_i2c.o(i.I2C_GenerateSTOP), (20 bytes).
    Removing stm32f10x_i2c.o(i.I2C_GetFlagStatus), (42 bytes).
    Removing stm32f10x_i2c.o(i.I2C_GetITStatus), (36 bytes).
    Removing stm32f10x_i2c.o(i.I2C_GetLastEvent), (14 bytes).
    Removing stm32f10x_i2c.o(i.I2C_GetPEC), (6 bytes).
    Removing stm32f10x_i2c.o(i.I2C_ITConfig), (16 bytes).
    Removing stm32f10x_i2c.o(i.I2C_Init), (188 bytes).
    Removing stm32f10x_i2c.o(i.I2C_NACKPositionConfig), (22 bytes).
    Removing stm32f10x_i2c.o(i.I2C_OwnAddress2Config), (16 bytes).
    Removing stm32f10x_i2c.o(i.I2C_PECPositionConfig), (22 bytes).
    Removing stm32f10x_i2c.o(i.I2C_ReadRegister), (10 bytes).
    Removing stm32f10x_i2c.o(i.I2C_ReceiveData), (6 bytes).
    Removing stm32f10x_i2c.o(i.I2C_SMBusAlertConfig), (22 bytes).
    Removing stm32f10x_i2c.o(i.I2C_Send7bitAddress), (16 bytes).
    Removing stm32f10x_i2c.o(i.I2C_SendData), (4 bytes).
    Removing stm32f10x_i2c.o(i.I2C_SoftwareResetCmd), (20 bytes).
    Removing stm32f10x_i2c.o(i.I2C_StretchClockCmd), (20 bytes).
    Removing stm32f10x_i2c.o(i.I2C_StructInit), (28 bytes).
    Removing stm32f10x_i2c.o(i.I2C_TransmitPEC), (20 bytes).
    Removing stm32f10x_iwdg.o(i.IWDG_Enable), (16 bytes).
    Removing stm32f10x_iwdg.o(i.IWDG_GetFlagStatus), (20 bytes).
    Removing stm32f10x_iwdg.o(i.IWDG_ReloadCounter), (16 bytes).
    Removing stm32f10x_iwdg.o(i.IWDG_SetPrescaler), (12 bytes).
    Removing stm32f10x_iwdg.o(i.IWDG_SetReload), (12 bytes).
    Removing stm32f10x_iwdg.o(i.IWDG_WriteAccessCmd), (12 bytes).
    Removing stm32f10x_pwr.o(i.PWR_BackupAccessCmd), (12 bytes).
    Removing stm32f10x_pwr.o(i.PWR_ClearFlag), (16 bytes).
    Removing stm32f10x_pwr.o(i.PWR_DeInit), (24 bytes).
    Removing stm32f10x_pwr.o(i.PWR_EnterSTANDBYMode), (40 bytes).
    Removing stm32f10x_pwr.o(i.PWR_EnterSTOPMode), (52 bytes).
    Removing stm32f10x_pwr.o(i.PWR_GetFlagStatus), (20 bytes).
    Removing stm32f10x_pwr.o(i.PWR_PVDCmd), (12 bytes).
    Removing stm32f10x_pwr.o(i.PWR_PVDLevelConfig), (20 bytes).
    Removing stm32f10x_pwr.o(i.PWR_WakeUpPinCmd), (12 bytes).
    Removing stm32f10x_rcc.o(i.RCC_ADCCLKConfig), (20 bytes).
    Removing stm32f10x_rcc.o(i.RCC_AHBPeriphClockCmd), (24 bytes).
    Removing stm32f10x_rcc.o(i.RCC_APB1PeriphResetCmd), (24 bytes).
    Removing stm32f10x_rcc.o(i.RCC_APB2PeriphResetCmd), (24 bytes).
    Removing stm32f10x_rcc.o(i.RCC_AdjustHSICalibrationValue), (20 bytes).
    Removing stm32f10x_rcc.o(i.RCC_BackupResetCmd), (12 bytes).
    Removing stm32f10x_rcc.o(i.RCC_ClearFlag), (16 bytes).
    Removing stm32f10x_rcc.o(i.RCC_ClearITPendingBit), (12 bytes).
    Removing stm32f10x_rcc.o(i.RCC_ClockSecuritySystemCmd), (12 bytes).
    Removing stm32f10x_rcc.o(i.RCC_DeInit), (64 bytes).
    Removing stm32f10x_rcc.o(i.RCC_GetFlagStatus), (48 bytes).
    Removing stm32f10x_rcc.o(i.RCC_GetITStatus), (20 bytes).
    Removing stm32f10x_rcc.o(i.RCC_GetSYSCLKSource), (16 bytes).
    Removing stm32f10x_rcc.o(i.RCC_HCLKConfig), (20 bytes).
    Removing stm32f10x_rcc.o(i.RCC_HSEConfig), (52 bytes).
    Removing stm32f10x_rcc.o(i.RCC_HSICmd), (12 bytes).
    Removing stm32f10x_rcc.o(i.RCC_ITConfig), (24 bytes).
    Removing stm32f10x_rcc.o(i.RCC_LSEConfig), (32 bytes).
    Removing stm32f10x_rcc.o(i.RCC_LSICmd), (12 bytes).
    Removing stm32f10x_rcc.o(i.RCC_MCOConfig), (12 bytes).
    Removing stm32f10x_rcc.o(i.RCC_PCLK1Config), (20 bytes).
    Removing stm32f10x_rcc.o(i.RCC_PCLK2Config), (20 bytes).
    Removing stm32f10x_rcc.o(i.RCC_PLLCmd), (12 bytes).
    Removing stm32f10x_rcc.o(i.RCC_PLLConfig), (20 bytes).
    Removing stm32f10x_rcc.o(i.RCC_RTCCLKCmd), (12 bytes).
    Removing stm32f10x_rcc.o(i.RCC_RTCCLKConfig), (16 bytes).
    Removing stm32f10x_rcc.o(i.RCC_SYSCLKConfig), (20 bytes).
    Removing stm32f10x_rcc.o(i.RCC_USBCLKConfig), (12 bytes).
    Removing stm32f10x_rcc.o(i.RCC_WaitForHSEStartUp), (44 bytes).
    Removing stm32f10x_rtc.o(i.RTC_ClearFlag), (16 bytes).
    Removing stm32f10x_rtc.o(i.RTC_ClearITPendingBit), (16 bytes).
    Removing stm32f10x_rtc.o(i.RTC_EnterConfigMode), (16 bytes).
    Removing stm32f10x_rtc.o(i.RTC_ExitConfigMode), (16 bytes).
    Removing stm32f10x_rtc.o(i.RTC_GetCounter), (20 bytes).
    Removing stm32f10x_rtc.o(i.RTC_GetDivider), (24 bytes).
    Removing stm32f10x_rtc.o(i.RTC_GetFlagStatus), (20 bytes).
    Removing stm32f10x_rtc.o(i.RTC_GetITStatus), (32 bytes).
    Removing stm32f10x_rtc.o(i.RTC_ITConfig), (24 bytes).
    Removing stm32f10x_rtc.o(i.RTC_SetAlarm), (32 bytes).
    Removing stm32f10x_rtc.o(i.RTC_SetCounter), (32 bytes).
    Removing stm32f10x_rtc.o(i.RTC_SetPrescaler), (32 bytes).
    Removing stm32f10x_rtc.o(i.RTC_WaitForLastTask), (16 bytes).
    Removing stm32f10x_rtc.o(i.RTC_WaitForSynchro), (24 bytes).
    Removing stm32f10x_sdio.o(i.SDIO_CEATAITCmd), (16 bytes).
    Removing stm32f10x_sdio.o(i.SDIO_ClearFlag), (12 bytes).
    Removing stm32f10x_sdio.o(i.SDIO_ClearITPendingBit), (12 bytes).
    Removing stm32f10x_sdio.o(i.SDIO_ClockCmd), (12 bytes).
    Removing stm32f10x_sdio.o(i.SDIO_CmdStructInit), (14 bytes).
    Removing stm32f10x_sdio.o(i.SDIO_CommandCompletionCmd), (12 bytes).
    Removing stm32f10x_sdio.o(i.SDIO_DMACmd), (12 bytes).
    Removing stm32f10x_sdio.o(i.SDIO_DataConfig), (44 bytes).
    Removing stm32f10x_sdio.o(i.SDIO_DataStructInit), (20 bytes).
    Removing stm32f10x_sdio.o(i.SDIO_DeInit), (36 bytes).
    Removing stm32f10x_sdio.o(i.SDIO_GetCommandResponse), (12 bytes).
    Removing stm32f10x_sdio.o(i.SDIO_GetDataCounter), (12 bytes).
    Removing stm32f10x_sdio.o(i.SDIO_GetFIFOCount), (12 bytes).
    Removing stm32f10x_sdio.o(i.SDIO_GetFlagStatus), (20 bytes).
    Removing stm32f10x_sdio.o(i.SDIO_GetITStatus), (20 bytes).
    Removing stm32f10x_sdio.o(i.SDIO_GetPowerState), (16 bytes).
    Removing stm32f10x_sdio.o(i.SDIO_GetResponse), (16 bytes).
    Removing stm32f10x_sdio.o(i.SDIO_ITConfig), (24 bytes).
    Removing stm32f10x_sdio.o(i.SDIO_Init), (44 bytes).
    Removing stm32f10x_sdio.o(i.SDIO_ReadData), (12 bytes).
    Removing stm32f10x_sdio.o(i.SDIO_SendCEATACmd), (12 bytes).
    Removing stm32f10x_sdio.o(i.SDIO_SendCommand), (40 bytes).
    Removing stm32f10x_sdio.o(i.SDIO_SendSDIOSuspendCmd), (12 bytes).
    Removing stm32f10x_sdio.o(i.SDIO_SetPowerState), (24 bytes).
    Removing stm32f10x_sdio.o(i.SDIO_SetSDIOOperation), (12 bytes).
    Removing stm32f10x_sdio.o(i.SDIO_SetSDIOReadWaitMode), (12 bytes).
    Removing stm32f10x_sdio.o(i.SDIO_StartSDIOReadWait), (12 bytes).
    Removing stm32f10x_sdio.o(i.SDIO_StopSDIOReadWait), (12 bytes).
    Removing stm32f10x_sdio.o(i.SDIO_StructInit), (16 bytes).
    Removing stm32f10x_sdio.o(i.SDIO_WriteData), (12 bytes).
    Removing stm32f10x_spi.o(i.I2S_Cmd), (20 bytes).
    Removing stm32f10x_spi.o(i.I2S_Init), (152 bytes).
    Removing stm32f10x_spi.o(i.I2S_StructInit), (18 bytes).
    Removing stm32f10x_spi.o(i.SPI_BiDirectionalLineConfig), (22 bytes).
    Removing stm32f10x_spi.o(i.SPI_CalculateCRC), (20 bytes).
    Removing stm32f10x_spi.o(i.SPI_Cmd), (20 bytes).
    Removing stm32f10x_spi.o(i.SPI_DataSizeConfig), (16 bytes).
    Removing stm32f10x_spi.o(i.SPI_GetCRC), (12 bytes).
    Removing stm32f10x_spi.o(i.SPI_GetCRCPolynomial), (4 bytes).
    Removing stm32f10x_spi.o(i.SPI_I2S_ClearFlag), (6 bytes).
    Removing stm32f10x_spi.o(i.SPI_I2S_ClearITPendingBit), (14 bytes).
    Removing stm32f10x_spi.o(i.SPI_I2S_DMACmd), (16 bytes).
    Removing stm32f10x_spi.o(i.SPI_I2S_DeInit), (84 bytes).
    Removing stm32f10x_spi.o(i.SPI_I2S_GetFlagStatus), (14 bytes).
    Removing stm32f10x_spi.o(i.SPI_I2S_GetITStatus), (42 bytes).
    Removing stm32f10x_spi.o(i.SPI_I2S_ITConfig), (24 bytes).
    Removing stm32f10x_spi.o(i.SPI_I2S_ReceiveData), (4 bytes).
    Removing stm32f10x_spi.o(i.SPI_I2S_SendData), (4 bytes).
    Removing stm32f10x_spi.o(i.SPI_Init), (56 bytes).
    Removing stm32f10x_spi.o(i.SPI_NSSInternalSoftwareConfig), (24 bytes).
    Removing stm32f10x_spi.o(i.SPI_SSOutputCmd), (20 bytes).
    Removing stm32f10x_spi.o(i.SPI_StructInit), (24 bytes).
    Removing stm32f10x_spi.o(i.SPI_TransmitCRC), (10 bytes).
    Removing stm32f10x_systick.o(i.SysTick_CounterCmd), (36 bytes).
    Removing stm32f10x_systick.o(i.SysTick_GetCounter), (8 bytes).
    Removing stm32f10x_systick.o(i.SysTick_GetFlagStatus), (32 bytes).
    Removing stm32f10x_systick.o(i.SysTick_ITConfig), (24 bytes).
    Removing stm32f10x_systick.o(i.SysTick_SetReload), (8 bytes).
    Removing stm32f10x_tim.o(i.TI1_Config), (108 bytes).
    Removing stm32f10x_tim.o(i.TI2_Config), (124 bytes).
    Removing stm32f10x_tim.o(i.TIM_ARRPreloadConfig), (20 bytes).
    Removing stm32f10x_tim.o(i.TIM_BDTRConfig), (34 bytes).
    Removing stm32f10x_tim.o(i.TIM_BDTRStructInit), (18 bytes).
    Removing stm32f10x_tim.o(i.TIM_CCPreloadControl), (20 bytes).
    Removing stm32f10x_tim.o(i.TIM_CCxCmd), (22 bytes).
    Removing stm32f10x_tim.o(i.TIM_CCxNCmd), (22 bytes).
    Removing stm32f10x_tim.o(i.TIM_ClearITPendingBit), (6 bytes).
    Removing stm32f10x_tim.o(i.TIM_ClearOC1Ref), (12 bytes).
    Removing stm32f10x_tim.o(i.TIM_ClearOC2Ref), (20 bytes).
    Removing stm32f10x_tim.o(i.TIM_ClearOC3Ref), (12 bytes).
    Removing stm32f10x_tim.o(i.TIM_ClearOC4Ref), (20 bytes).
    Removing stm32f10x_tim.o(i.TIM_CounterModeConfig), (12 bytes).
    Removing stm32f10x_tim.o(i.TIM_CtrlPWMOutputs), (22 bytes).
    Removing stm32f10x_tim.o(i.TIM_DMACmd), (16 bytes).
    Removing stm32f10x_tim.o(i.TIM_DMAConfig), (8 bytes).
    Removing stm32f10x_tim.o(i.TIM_DeInit), (368 bytes).
    Removing stm32f10x_tim.o(i.TIM_ETRClockMode1Config), (18 bytes).
    Removing stm32f10x_tim.o(i.TIM_ETRClockMode2Config), (18 bytes).
    Removing stm32f10x_tim.o(i.TIM_ETRConfig), (24 bytes).
    Removing stm32f10x_tim.o(i.TIM_EncoderInterfaceConfig), (50 bytes).
    Removing stm32f10x_tim.o(i.TIM_ForcedOC1Config), (12 bytes).
    Removing stm32f10x_tim.o(i.TIM_ForcedOC2Config), (20 bytes).
    Removing stm32f10x_tim.o(i.TIM_ForcedOC3Config), (12 bytes).
    Removing stm32f10x_tim.o(i.TIM_ForcedOC4Config), (20 bytes).
    Removing stm32f10x_tim.o(i.TIM_GenerateEvent), (4 bytes).
    Removing stm32f10x_tim.o(i.TIM_GetCapture1), (4 bytes).
    Removing stm32f10x_tim.o(i.TIM_GetCapture2), (4 bytes).
    Removing stm32f10x_tim.o(i.TIM_GetCapture3), (4 bytes).
    Removing stm32f10x_tim.o(i.TIM_GetCapture4), (6 bytes).
    Removing stm32f10x_tim.o(i.TIM_GetCounter), (4 bytes).
    Removing stm32f10x_tim.o(i.TIM_GetFlagStatus), (14 bytes).
    Removing stm32f10x_tim.o(i.TIM_GetPrescaler), (4 bytes).
    Removing stm32f10x_tim.o(i.TIM_ICInit), (300 bytes).
    Removing stm32f10x_tim.o(i.TIM_ICStructInit), (16 bytes).
    Removing stm32f10x_tim.o(i.TIM_ITRxExternalClockConfig), (18 bytes).
    Removing stm32f10x_tim.o(i.TIM_InternalClockConfig), (10 bytes).
    Removing stm32f10x_tim.o(i.TIM_OC1FastConfig), (12 bytes).
    Removing stm32f10x_tim.o(i.TIM_OC1Init), (128 bytes).
    Removing stm32f10x_tim.o(i.TIM_OC1NPolarityConfig), (12 bytes).
    Removing stm32f10x_tim.o(i.TIM_OC1PolarityConfig), (12 bytes).
    Removing stm32f10x_tim.o(i.TIM_OC1PreloadConfig), (12 bytes).
    Removing stm32f10x_tim.o(i.TIM_OC2FastConfig), (20 bytes).
    Removing stm32f10x_tim.o(i.TIM_OC2Init), (128 bytes).
    Removing stm32f10x_tim.o(i.TIM_OC2NPolarityConfig), (20 bytes).
    Removing stm32f10x_tim.o(i.TIM_OC2PolarityConfig), (20 bytes).
    Removing stm32f10x_tim.o(i.TIM_OC2PreloadConfig), (20 bytes).
    Removing stm32f10x_tim.o(i.TIM_OC3FastConfig), (12 bytes).
    Removing stm32f10x_tim.o(i.TIM_OC3Init), (124 bytes).
    Removing stm32f10x_tim.o(i.TIM_OC3NPolarityConfig), (20 bytes).
    Removing stm32f10x_tim.o(i.TIM_OC3PolarityConfig), (20 bytes).
    Removing stm32f10x_tim.o(i.TIM_OC3PreloadConfig), (12 bytes).
    Removing stm32f10x_tim.o(i.TIM_OC4FastConfig), (20 bytes).
    Removing stm32f10x_tim.o(i.TIM_OC4Init), (100 bytes).
    Removing stm32f10x_tim.o(i.TIM_OC4PolarityConfig), (20 bytes).
    Removing stm32f10x_tim.o(i.TIM_OC4PreloadConfig), (20 bytes).
    Removing stm32f10x_tim.o(i.TIM_OCStructInit), (20 bytes).
    Removing stm32f10x_tim.o(i.TIM_PWMIConfig), (108 bytes).
    Removing stm32f10x_tim.o(i.TIM_PrescalerConfig), (6 bytes).
    Removing stm32f10x_tim.o(i.TIM_SelectCCDMA), (20 bytes).
    Removing stm32f10x_tim.o(i.TIM_SelectCOM), (20 bytes).
    Removing stm32f10x_tim.o(i.TIM_SelectHallSensor), (20 bytes).
    Removing stm32f10x_tim.o(i.TIM_SelectInputTrigger), (12 bytes).
    Removing stm32f10x_tim.o(i.TIM_SelectMasterSlaveMode), (16 bytes).
    Removing stm32f10x_tim.o(i.TIM_SelectOCxM), (70 bytes).
    Removing stm32f10x_tim.o(i.TIM_SelectOnePulseMode), (16 bytes).
    Removing stm32f10x_tim.o(i.TIM_SelectOutputTrigger), (16 bytes).
    Removing stm32f10x_tim.o(i.TIM_SelectSlaveMode), (16 bytes).
    Removing stm32f10x_tim.o(i.TIM_SetAutoreload), (4 bytes).
    Removing stm32f10x_tim.o(i.TIM_SetClockDivision), (16 bytes).
    Removing stm32f10x_tim.o(i.TIM_SetCompare1), (4 bytes).
    Removing stm32f10x_tim.o(i.TIM_SetCompare2), (4 bytes).
    Removing stm32f10x_tim.o(i.TIM_SetCompare3), (4 bytes).
    Removing stm32f10x_tim.o(i.TIM_SetCompare4), (6 bytes).
    Removing stm32f10x_tim.o(i.TIM_SetCounter), (4 bytes).
    Removing stm32f10x_tim.o(i.TIM_SetIC1Prescaler), (16 bytes).
    Removing stm32f10x_tim.o(i.TIM_SetIC2Prescaler), (24 bytes).
    Removing stm32f10x_tim.o(i.TIM_SetIC3Prescaler), (16 bytes).
    Removing stm32f10x_tim.o(i.TIM_SetIC4Prescaler), (24 bytes).
    Removing stm32f10x_tim.o(i.TIM_TIxExternalClockConfig), (46 bytes).
    Removing stm32f10x_tim.o(i.TIM_TimeBaseStructInit), (18 bytes).
    Removing stm32f10x_tim.o(i.TIM_UpdateDisableConfig), (20 bytes).
    Removing stm32f10x_tim.o(i.TIM_UpdateRequestConfig), (20 bytes).
    Removing stm32f10x_usart.o(i.USART_ClearFlag), (6 bytes).
    Removing stm32f10x_usart.o(i.USART_ClearITPendingBit), (12 bytes).
    Removing stm32f10x_usart.o(i.USART_ClockInit), (30 bytes).
    Removing stm32f10x_usart.o(i.USART_ClockStructInit), (12 bytes).
    Removing stm32f10x_usart.o(i.USART_DMACmd), (16 bytes).
    Removing stm32f10x_usart.o(i.USART_DeInit), (116 bytes).
    Removing stm32f10x_usart.o(i.USART_HalfDuplexCmd), (20 bytes).
    Removing stm32f10x_usart.o(i.USART_IrDACmd), (20 bytes).
    Removing stm32f10x_usart.o(i.USART_IrDAConfig), (16 bytes).
    Removing stm32f10x_usart.o(i.USART_LINBreakDetectLengthConfig), (16 bytes).
    Removing stm32f10x_usart.o(i.USART_LINCmd), (20 bytes).
    Removing stm32f10x_usart.o(i.USART_OneBitMethodCmd), (20 bytes).
    Removing stm32f10x_usart.o(i.USART_OverSampling8Cmd), (20 bytes).
    Removing stm32f10x_usart.o(i.USART_ReceiverWakeUpCmd), (20 bytes).
    Removing stm32f10x_usart.o(i.USART_SendBreak), (10 bytes).
    Removing stm32f10x_usart.o(i.USART_SetAddress), (16 bytes).
    Removing stm32f10x_usart.o(i.USART_SetGuardTime), (16 bytes).
    Removing stm32f10x_usart.o(i.USART_SetPrescaler), (16 bytes).
    Removing stm32f10x_usart.o(i.USART_SmartCardCmd), (20 bytes).
    Removing stm32f10x_usart.o(i.USART_SmartCardNACKCmd), (20 bytes).
    Removing stm32f10x_usart.o(i.USART_StructInit), (22 bytes).
    Removing stm32f10x_usart.o(i.USART_WakeUpConfig), (16 bytes).
    Removing stm32f10x_wwdg.o(i.WWDG_ClearFlag), (12 bytes).
    Removing stm32f10x_wwdg.o(i.WWDG_DeInit), (24 bytes).
    Removing stm32f10x_wwdg.o(i.WWDG_Enable), (16 bytes).
    Removing stm32f10x_wwdg.o(i.WWDG_EnableIT), (16 bytes).
    Removing stm32f10x_wwdg.o(i.WWDG_GetFlagStatus), (12 bytes).
    Removing stm32f10x_wwdg.o(i.WWDG_SetCounter), (16 bytes).
    Removing stm32f10x_wwdg.o(i.WWDG_SetPrescaler), (20 bytes).
    Removing stm32f10x_wwdg.o(i.WWDG_SetWindowValue), (28 bytes).
    Removing system_stm32f10x.o(i.SystemCoreClockUpdate), (100 bytes).
    Removing system_stm32f10x.o(.data), (20 bytes).
    Removing os_cpu_a.o(.text), (12 bytes).
    Removing main.o(i.USART_Configuration), (76 bytes).
    Removing main.o(i.USART_GPIO_Configuration), (60 bytes).
    Removing main.o(i.USART_RCC_Configuration), (10 bytes).
    Removing main.o(i.main_delay_ms), (20 bytes).
    Removing main.o(.bss), (10240 bytes).
    Removing sys.o(i.sys_gpio_init), (164 bytes).
    Removing sys.o(i.sys_rcc_init), (102 bytes).
    Removing sys.o(i.sys_uart1_getchar), (24 bytes).
    Removing debug.o(i.debug_flash), (120 bytes).
    Removing debug.o(.bss), (64 bytes).
    Removing boot.o(i.printf_var), (328 bytes).
    Removing boot.o(i.receive_data), (2 bytes).
    Removing xmodem.o(i.xm_memcpy), (26 bytes).
    Removing xmodem.o(i.xm_memset), (18 bytes).
    Removing xmodem.o(i.xm_transmit), (416 bytes).

471 unused section(s) (total 26106 bytes) removed from the image.

==============================================================================

Image Symbol Table

    Local Symbols

    Symbol Name                              Value     Ov Type        Size  Object(Section)

    ../clib/microlib/init/entry.s            0x00000000   Number         0  entry7b.o ABSOLUTE
    ../clib/microlib/init/entry.s            0x00000000   Number         0  entry8a.o ABSOLUTE
    ../clib/microlib/init/entry.s            0x00000000   Number         0  entry5.o ABSOLUTE
    ../clib/microlib/init/entry.s            0x00000000   Number         0  entry9a.o ABSOLUTE
    ../clib/microlib/init/entry.s            0x00000000   Number         0  entry7a.o ABSOLUTE
    ../clib/microlib/init/entry.s            0x00000000   Number         0  entry9b.o ABSOLUTE
    ../clib/microlib/init/entry.s            0x00000000   Number         0  entry.o ABSOLUTE
    ../clib/microlib/init/entry.s            0x00000000   Number         0  entry2.o ABSOLUTE
    ../clib/microlib/init/entry.s            0x00000000   Number         0  entry11a.o ABSOLUTE
    ../clib/microlib/init/entry.s            0x00000000   Number         0  entry10b.o ABSOLUTE
    ../clib/microlib/init/entry.s            0x00000000   Number         0  entry11b.o ABSOLUTE
    ../clib/microlib/init/entry.s            0x00000000   Number         0  entry8b.o ABSOLUTE
    ../clib/microlib/init/entry.s            0x00000000   Number         0  entry10a.o ABSOLUTE
    ../clib/microlib/string/memcpy.c         0x00000000   Number         0  memcpya.o ABSOLUTE
    ../clib/microlib/string/memcpy.c         0x00000000   Number         0  memcpyb.o ABSOLUTE
    boot\startup_stm32f10x_cl.s              0x00000000   Number         0  startup_stm32f10x_cl.o ABSOLUTE
    cmsis\\core_cm3.c                        0x00000000   Number         0  core_cm3.o ABSOLUTE
    cmsis\core_cm3.c                         0x00000000   Number         0  core_cm3.o ABSOLUTE
    cmsis\system_stm32f10x.c                 0x00000000   Number         0  system_stm32f10x.o ABSOLUTE
    dc.s                                     0x00000000   Number         0  dc.o ABSOLUTE
    debug\debug.c                            0x00000000   Number         0  debug.o ABSOLUTE
    handlers.s                               0x00000000   Number         0  handlers.o ABSOLUTE
    init.s                                   0x00000000   Number         0  init.o ABSOLUTE
    interrupt\stm32f10x_it.c                 0x00000000   Number         0  stm32f10x_it.o ABSOLUTE
    lib\misc.c                               0x00000000   Number         0  misc.o ABSOLUTE
    lib\stm32f10x_adc.c                      0x00000000   Number         0  stm32f10x_adc.o ABSOLUTE
    lib\stm32f10x_bkp.c                      0x00000000   Number         0  stm32f10x_bkp.o ABSOLUTE
    lib\stm32f10x_can.c                      0x00000000   Number         0  stm32f10x_can.o ABSOLUTE
    lib\stm32f10x_cec.c                      0x00000000   Number         0  stm32f10x_cec.o ABSOLUTE
    lib\stm32f10x_crc.c                      0x00000000   Number         0  stm32f10x_crc.o ABSOLUTE
    lib\stm32f10x_dac.c                      0x00000000   Number         0  stm32f10x_dac.o ABSOLUTE
    lib\stm32f10x_dbgmcu.c                   0x00000000   Number         0  stm32f10x_dbgmcu.o ABSOLUTE
    lib\stm32f10x_dma.c                      0x00000000   Number         0  stm32f10x_dma.o ABSOLUTE
    lib\stm32f10x_exti.c                     0x00000000   Number         0  stm32f10x_exti.o ABSOLUTE
    lib\stm32f10x_flash.c                    0x00000000   Number         0  stm32f10x_flash.o ABSOLUTE
    lib\stm32f10x_fsmc.c                     0x00000000   Number         0  stm32f10x_fsmc.o ABSOLUTE
    lib\stm32f10x_gpio.c                     0x00000000   Number         0  stm32f10x_gpio.o ABSOLUTE
    lib\stm32f10x_i2c.c                      0x00000000   Number         0  stm32f10x_i2c.o ABSOLUTE
    lib\stm32f10x_iwdg.c                     0x00000000   Number         0  stm32f10x_iwdg.o ABSOLUTE
    lib\stm32f10x_pwr.c                      0x00000000   Number         0  stm32f10x_pwr.o ABSOLUTE
    lib\stm32f10x_rcc.c                      0x00000000   Number         0  stm32f10x_rcc.o ABSOLUTE
    lib\stm32f10x_rtc.c                      0x00000000   Number         0  stm32f10x_rtc.o ABSOLUTE
    lib\stm32f10x_sdio.c                     0x00000000   Number         0  stm32f10x_sdio.o ABSOLUTE
    lib\stm32f10x_spi.c                      0x00000000   Number         0  stm32f10x_spi.o ABSOLUTE
    lib\stm32f10x_systick.c                  0x00000000   Number         0  stm32f10x_systick.o ABSOLUTE
    lib\stm32f10x_tim.c                      0x00000000   Number         0  stm32f10x_tim.o ABSOLUTE
    lib\stm32f10x_usart.c                    0x00000000   Number         0  stm32f10x_usart.o ABSOLUTE
    lib\stm32f10x_wwdg.c                     0x00000000   Number         0  stm32f10x_wwdg.o ABSOLUTE
    main.c                                   0x00000000   Number         0  main.o ABSOLUTE
    n_boot\boot.c                            0x00000000   Number         0  boot.o ABSOLUTE
    n_boot\command.c                         0x00000000   Number         0  command.o ABSOLUTE
    n_boot\cpu_c.c                           0x00000000   Number         0  cpu_c.o ABSOLUTE
    n_boot\flash.c                           0x00000000   Number         0  flash.o ABSOLUTE
    n_boot\xmodem.c                          0x00000000   Number         0  xmodem.o ABSOLUTE
    n_boot\xmodem_crc16.c                    0x00000000   Number         0  xmodem_crc16.o ABSOLUTE
    n_boot\xmodem_hw.c                       0x00000000   Number         0  xmodem_hw.o ABSOLUTE
    sys\os_cpu_a.asm                         0x00000000   Number         0  os_cpu_a.o ABSOLUTE
    sys\sys.c                                0x00000000   Number         0  sys.o ABSOLUTE
    RESET                                    0x08000000   Section      336  startup_stm32f10x_cl.o(RESET)
    .ARM.Collect$$$$00000000                 0x08000150   Section        0  entry.o(.ARM.Collect$$$$00000000)
    .ARM.Collect$$$$00000001                 0x08000150   Section        4  entry2.o(.ARM.Collect$$$$00000001)
    .ARM.Collect$$$$00000004                 0x08000154   Section        4  entry5.o(.ARM.Collect$$$$00000004)
    .ARM.Collect$$$$00000008                 0x08000158   Section        0  entry7b.o(.ARM.Collect$$$$00000008)
    .ARM.Collect$$$$0000000A                 0x08000158   Section        0  entry8b.o(.ARM.Collect$$$$0000000A)
    .ARM.Collect$$$$0000000B                 0x08000158   Section        8  entry9a.o(.ARM.Collect$$$$0000000B)
    .ARM.Collect$$$$0000000D                 0x08000160   Section        0  entry10a.o(.ARM.Collect$$$$0000000D)
    .ARM.Collect$$$$0000000F                 0x08000160   Section        0  entry11a.o(.ARM.Collect$$$$0000000F)
    .ARM.Collect$$$$00002712                 0x08000160   Section        4  entry2.o(.ARM.Collect$$$$00002712)
    __lit__00000000                          0x08000160   Data           4  entry2.o(.ARM.Collect$$$$00002712)
    .emb_text                                0x08000164   Section       32  core_cm3.o(.emb_text)
    .text                                    0x08000184   Section       36  startup_stm32f10x_cl.o(.text)
    .text                                    0x080001a8   Section        0  memcpya.o(.text)
    .text                                    0x080001cc   Section       36  init.o(.text)
    i.BusFault_Handler                       0x080001f0   Section        0  stm32f10x_it.o(i.BusFault_Handler)
    i.DebugMon_Handler                       0x080001f2   Section        0  stm32f10x_it.o(i.DebugMon_Handler)
    i.FLASH_ErasePage                        0x080001f4   Section        0  stm32f10x_flash.o(i.FLASH_ErasePage)
    i.FLASH_GetBank1Status                   0x08000230   Section        0  stm32f10x_flash.o(i.FLASH_GetBank1Status)
    i.FLASH_Lock                             0x08000258   Section        0  stm32f10x_flash.o(i.FLASH_Lock)
    i.FLASH_ProgramWord                      0x08000268   Section        0  stm32f10x_flash.o(i.FLASH_ProgramWord)
    i.FLASH_Unlock                           0x080002b8   Section        0  stm32f10x_flash.o(i.FLASH_Unlock)
    i.FLASH_WaitForLastOperation             0x080002d0   Section        0  stm32f10x_flash.o(i.FLASH_WaitForLastOperation)
    i.GPIO_Init                              0x080002f4   Section        0  stm32f10x_gpio.o(i.GPIO_Init)
    i.HardFault_Handler                      0x08000396   Section        0  stm32f10x_it.o(i.HardFault_Handler)
    i.MemManage_Handler                      0x08000398   Section        0  stm32f10x_it.o(i.MemManage_Handler)
    i.NMI_Handler                            0x0800039a   Section        0  stm32f10x_it.o(i.NMI_Handler)
    i.NVIC_Init                              0x0800039c   Section        0  misc.o(i.NVIC_Init)
    i.RCC_APB1PeriphClockCmd                 0x08000400   Section        0  stm32f10x_rcc.o(i.RCC_APB1PeriphClockCmd)
    i.RCC_APB2PeriphClockCmd                 0x08000418   Section        0  stm32f10x_rcc.o(i.RCC_APB2PeriphClockCmd)
    i.RCC_GetClocksFreq                      0x08000430   Section        0  stm32f10x_rcc.o(i.RCC_GetClocksFreq)
    i.SVC_Handler                            0x080004c0   Section        0  stm32f10x_it.o(i.SVC_Handler)
    i.SetSysClockTo72                        0x080004c4   Section        0  system_stm32f10x.o(i.SetSysClockTo72)
    SetSysClockTo72                          0x080004c5   Thumb Code   160  system_stm32f10x.o(i.SetSysClockTo72)
    i.SysTick_Handler                        0x0800056c   Section        0  stm32f10x_it.o(i.SysTick_Handler)
    i.SystemInit                             0x08000570   Section        0  system_stm32f10x.o(i.SystemInit)
    i.TIM2_IRQHandler                        0x080005c0   Section        0  stm32f10x_it.o(i.TIM2_IRQHandler)
    i.TIM_ClearFlag                          0x080005f0   Section        0  stm32f10x_tim.o(i.TIM_ClearFlag)
    i.TIM_Cmd                                0x080005f6   Section        0  stm32f10x_tim.o(i.TIM_Cmd)
    i.TIM_GetITStatus                        0x0800060a   Section        0  stm32f10x_tim.o(i.TIM_GetITStatus)
    i.TIM_ITConfig                           0x08000622   Section        0  stm32f10x_tim.o(i.TIM_ITConfig)
    i.TIM_TimeBaseInit                       0x08000634   Section        0  stm32f10x_tim.o(i.TIM_TimeBaseInit)
    i.USART1_IRQHandler                      0x080006d0   Section        0  stm32f10x_it.o(i.USART1_IRQHandler)
    i.USART_Cmd                              0x08000708   Section        0  stm32f10x_usart.o(i.USART_Cmd)
    i.USART_GetFlagStatus                    0x0800071c   Section        0  stm32f10x_usart.o(i.USART_GetFlagStatus)
    i.USART_GetITStatus                      0x0800072a   Section        0  stm32f10x_usart.o(i.USART_GetITStatus)
    i.USART_ITConfig                         0x08000768   Section        0  stm32f10x_usart.o(i.USART_ITConfig)
    i.USART_Init                             0x08000798   Section        0  stm32f10x_usart.o(i.USART_Init)
    i.USART_ReceiveData                      0x08000844   Section        0  stm32f10x_usart.o(i.USART_ReceiveData)
    i.USART_SendData                         0x0800084c   Section        0  stm32f10x_usart.o(i.USART_SendData)
    i.UsageFault_Handler                     0x08000854   Section        0  stm32f10x_it.o(i.UsageFault_Handler)
    i.__cpu_disable_int                      0x08000856   Section        0  cpu_c.o(i.__cpu_disable_int)
    i.__cpu_goto_app                         0x08000890   Section        0  cpu_c.o(i.__cpu_goto_app)
    i.__scatterload_copy                     0x080008b4   Section       14  handlers.o(i.__scatterload_copy)
    i.__scatterload_null                     0x080008c2   Section        2  handlers.o(i.__scatterload_null)
    i.__scatterload_zeroinit                 0x080008c4   Section       14  handlers.o(i.__scatterload_zeroinit)
    i.__str_cmp                              0x080008d2   Section        0  boot.o(i.__str_cmp)
    i.b_fun                                  0x080008fc   Section        0  command.o(i.b_fun)
    i.command_init                           0x08000954   Section        0  command.o(i.command_init)
    i.default_var                            0x080009bc   Section        0  boot.o(i.default_var)
    i.eraseflash_fun                         0x08000a14   Section        0  command.o(i.eraseflash_fun)
    i.falsh_erase_len                        0x08000a16   Section        0  flash.o(i.falsh_erase_len)
    i.flash_erase_page                       0x08000a32   Section        0  flash.o(i.flash_erase_page)
    i.flash_rd                               0x08000a48   Section        0  flash.o(i.flash_rd)
    i.flash_wr                               0x08000a5c   Section        0  flash.o(i.flash_wr)
    i.get_str                                0x08000ab8   Section        0  boot.o(i.get_str)
    i.main                                   0x08000acc   Section        0  main.o(i.main)
    i.n_boot_memu                            0x08000ae0   Section        0  boot.o(i.n_boot_memu)
    i.n_boot_printf                          0x08000dc8   Section        0  boot.o(i.n_boot_printf)
    i.printf_var_fun                         0x08000e00   Section        0  command.o(i.printf_var_fun)
    i.rd_boot_var                            0x08000f60   Section        0  boot.o(i.rd_boot_var)
    i.receive_command                        0x08000f98   Section        0  boot.o(i.receive_command)
    i.s_fun                                  0x08000ff8   Section        0  command.o(i.s_fun)
    i.send_hex                               0x080010a0   Section        0  boot.o(i.send_hex)
    i.send_str                               0x080010f8   Section        0  boot.o(i.send_str)
    i.send_str_prefix                        0x0800110c   Section        0  boot.o(i.send_str_prefix)
    i.send_var                               0x08001134   Section        0  boot.o(i.send_var)
    i.setvar_fun                             0x08001180   Section        0  command.o(i.setvar_fun)
    i.str_to_hex                             0x08001234   Section        0  boot.o(i.str_to_hex)
    i.sys_timer2_init                        0x0800124e   Section        0  sys.o(i.sys_timer2_init)
    i.sys_uart1_init                         0x080012b8   Section        0  sys.o(i.sys_uart1_init)
    i.sys_uart1_sendchar                     0x0800135c   Section        0  sys.o(i.sys_uart1_sendchar)
    i.translate_command                      0x08001380   Section        0  boot.o(i.translate_command)
    i.translate_tag                          0x080013f8   Section        0  boot.o(i.translate_tag)
    i.wr_boot_var                            0x08001438   Section        0  boot.o(i.wr_boot_var)
    i.xm_crc16_ccitt                         0x0800146c   Section        0  xmodem_crc16.o(i.xm_crc16_ccitt)
    i.xm_disp                                0x08001498   Section        0  xmodem.o(i.xm_disp)
    i.xm_inbyte                              0x080014b0   Section        0  xmodem.o(i.xm_inbyte)
    i.xm_outbyte                             0x080014dc   Section        0  xmodem.o(i.xm_outbyte)
    i.xm_port_read                           0x080014ec   Section        0  xmodem_hw.o(i.xm_port_read)
    i.xm_port_write                          0x08001510   Section        0  xmodem_hw.o(i.xm_port_write)
    i.xm_receive                             0x08001530   Section        0  xmodem.o(i.xm_receive)
    i.xm_timer                               0x080016ec   Section        0  xmodem_hw.o(i.xm_timer)
    .constdata                               0x080016fc   Section      512  xmodem_crc16.o(.constdata)
    xm_crc16tab                              0x080016fc   Data         512  xmodem_crc16.o(.constdata)
    .conststring                             0x080018fc   Section       71  boot.o(.conststring)
    .conststring                             0x08001944   Section      124  command.o(.conststring)
    .data                                    0x20000000   Section       20  stm32f10x_rcc.o(.data)
    ADCPrescTable                            0x20000000   Data           4  stm32f10x_rcc.o(.data)
    APBAHBPrescTable                         0x20000004   Data          16  stm32f10x_rcc.o(.data)
    .data                                    0x20000014   Section       16  boot.o(.data)
    .data                                    0x20000024   Section        8  xmodem.o(.data)
    last_error                               0x20000028   Data           4  xmodem.o(.data)
    .data                                    0x2000002c   Section       56  command.o(.data)
    .bss                                     0x20000064   Section     3100  boot.o(.bss)
    .bss                                     0x20000c80   Section     1030  xmodem.o(.bss)
    .bss                                     0x20001088   Section      840  command.o(.bss)
    STACK                                    0x200013d0   Section     1024  startup_stm32f10x_cl.o(STACK)

    Global Symbols

    Symbol Name                              Value     Ov Type        Size  Object(Section)

    BuildAttributes$$THM_ISAv4$P$D$K$B$S$PE$A:L22UL41UL21$X:L11$S22US41US21$IEEE1$IW$USESV6$~STKCKD$USESV7$~SHL$OSPACE$EBA8$MICROLIB$REQ8$PRES8$EABIv2 0x00000000   Number         0  anon$$obj.o ABSOLUTE
    __ARM_use_no_argv                        0x00000000   Number         0  main.o ABSOLUTE
    __cpp_initialize__aeabi_                  - Undefined Weak Reference
    __cxa_finalize                            - Undefined Weak Reference
    __decompress                              - Undefined Weak Reference
    _clock_init                               - Undefined Weak Reference
    _microlib_exit                            - Undefined Weak Reference
    __Vectors_Size                           0x00000150   Number         0  startup_stm32f10x_cl.o ABSOLUTE
    __Vectors                                0x08000000   Data           4  startup_stm32f10x_cl.o(RESET)
    __Vectors_End                            0x08000150   Data           0  startup_stm32f10x_cl.o(RESET)
    __main                                   0x08000151   Thumb Code     0  entry.o(.ARM.Collect$$$$00000000)
    _main_stk                                0x08000151   Thumb Code     0  entry2.o(.ARM.Collect$$$$00000001)
    _main_scatterload                        0x08000155   Thumb Code     0  entry5.o(.ARM.Collect$$$$00000004)
    __main_after_scatterload                 0x08000159   Thumb Code     0  entry5.o(.ARM.Collect$$$$00000004)
    _main_clock                              0x08000159   Thumb Code     0  entry7b.o(.ARM.Collect$$$$00000008)
    _main_cpp_init                           0x08000159   Thumb Code     0  entry8b.o(.ARM.Collect$$$$0000000A)
    _main_init                               0x08000159   Thumb Code     0  entry9a.o(.ARM.Collect$$$$0000000B)
    __rt_final_cpp                           0x08000161   Thumb Code     0  entry10a.o(.ARM.Collect$$$$0000000D)
    __rt_final_exit                          0x08000161   Thumb Code     0  entry11a.o(.ARM.Collect$$$$0000000F)
    __get_PSP                                0x08000165   Thumb Code     6  core_cm3.o(.emb_text)
    __set_PSP                                0x0800016b   Thumb Code     6  core_cm3.o(.emb_text)
    __get_MSP                                0x08000171   Thumb Code     6  core_cm3.o(.emb_text)
    __set_MSP                                0x08000177   Thumb Code     6  core_cm3.o(.emb_text)
    __REV16                                  0x0800017d   Thumb Code     4  core_cm3.o(.emb_text)
    __REVSH                                  0x08000181   Thumb Code     4  core_cm3.o(.emb_text)
    Reset_Handler                            0x08000185   Thumb Code     8  startup_stm32f10x_cl.o(.text)
    PendSV_Handler                           0x0800019b   Thumb Code     2  startup_stm32f10x_cl.o(.text)
    ADC1_2_IRQHandler                        0x0800019f   Thumb Code     0  startup_stm32f10x_cl.o(.text)
    CAN1_RX0_IRQHandler                      0x0800019f   Thumb Code     0  startup_stm32f10x_cl.o(.text)
    CAN1_RX1_IRQHandler                      0x0800019f   Thumb Code     0  startup_stm32f10x_cl.o(.text)
    CAN1_SCE_IRQHandler                      0x0800019f   Thumb Code     0  startup_stm32f10x_cl.o(.text)
    CAN1_TX_IRQHandler                       0x0800019f   Thumb Code     0  startup_stm32f10x_cl.o(.text)
    CAN2_RX0_IRQHandler                      0x0800019f   Thumb Code     0  startup_stm32f10x_cl.o(.text)
    CAN2_RX1_IRQHandler                      0x0800019f   Thumb Code     0  startup_stm32f10x_cl.o(.text)
    CAN2_SCE_IRQHandler                      0x0800019f   Thumb Code     0  startup_stm32f10x_cl.o(.text)
    CAN2_TX_IRQHandler                       0x0800019f   Thumb Code     0  startup_stm32f10x_cl.o(.text)
    DMA1_Channel1_IRQHandler                 0x0800019f   Thumb Code     0  startup_stm32f10x_cl.o(.text)
    DMA1_Channel2_IRQHandler                 0x0800019f   Thumb Code     0  startup_stm32f10x_cl.o(.text)
    DMA1_Channel3_IRQHandler                 0x0800019f   Thumb Code     0  startup_stm32f10x_cl.o(.text)
    DMA1_Channel4_IRQHandler                 0x0800019f   Thumb Code     0  startup_stm32f10x_cl.o(.text)
    DMA1_Channel5_IRQHandler                 0x0800019f   Thumb Code     0  startup_stm32f10x_cl.o(.text)
    DMA1_Channel6_IRQHandler                 0x0800019f   Thumb Code     0  startup_stm32f10x_cl.o(.text)
    DMA1_Channel7_IRQHandler                 0x0800019f   Thumb Code     0  startup_stm32f10x_cl.o(.text)
    DMA2_Channel1_IRQHandler                 0x0800019f   Thumb Code     0  startup_stm32f10x_cl.o(.text)
    DMA2_Channel2_IRQHandler                 0x0800019f   Thumb Code     0  startup_stm32f10x_cl.o(.text)
    DMA2_Channel3_IRQHandler                 0x0800019f   Thumb Code     0  startup_stm32f10x_cl.o(.text)
    DMA2_Channel4_IRQHandler                 0x0800019f   Thumb Code     0  startup_stm32f10x_cl.o(.text)
    DMA2_Channel5_IRQHandler                 0x0800019f   Thumb Code     0  startup_stm32f10x_cl.o(.text)
    ETH_IRQHandler                           0x0800019f   Thumb Code     0  startup_stm32f10x_cl.o(.text)
    ETH_WKUP_IRQHandler                      0x0800019f   Thumb Code     0  startup_stm32f10x_cl.o(.text)
    EXTI0_IRQHandler                         0x0800019f   Thumb Code     0  startup_stm32f10x_cl.o(.text)
    EXTI15_10_IRQHandler                     0x0800019f   Thumb Code     0  startup_stm32f10x_cl.o(.text)
    EXTI1_IRQHandler                         0x0800019f   Thumb Code     0  startup_stm32f10x_cl.o(.text)
    EXTI2_IRQHandler                         0x0800019f   Thumb Code     0  startup_stm32f10x_cl.o(.text)
    EXTI3_IRQHandler                         0x0800019f   Thumb Code     0  startup_stm32f10x_cl.o(.text)
    EXTI4_IRQHandler                         0x0800019f   Thumb Code     0  startup_stm32f10x_cl.o(.text)
    EXTI9_5_IRQHandler                       0x0800019f   Thumb Code     0  startup_stm32f10x_cl.o(.text)
    FLASH_IRQHandler                         0x0800019f   Thumb Code     0  startup_stm32f10x_cl.o(.text)
    I2C1_ER_IRQHandler                       0x0800019f   Thumb Code     0  startup_stm32f10x_cl.o(.text)
    I2C1_EV_IRQHandler                       0x0800019f   Thumb Code     0  startup_stm32f10x_cl.o(.text)
    I2C2_ER_IRQHandler                       0x0800019f   Thumb Code     0  startup_stm32f10x_cl.o(.text)
    I2C2_EV_IRQHandler                       0x0800019f   Thumb Code     0  startup_stm32f10x_cl.o(.text)
    OTG_FS_IRQHandler                        0x0800019f   Thumb Code     0  startup_stm32f10x_cl.o(.text)
    OTG_FS_WKUP_IRQHandler                   0x0800019f   Thumb Code     0  startup_stm32f10x_cl.o(.text)
    PVD_IRQHandler                           0x0800019f   Thumb Code     0  startup_stm32f10x_cl.o(.text)
    RCC_IRQHandler                           0x0800019f   Thumb Code     0  startup_stm32f10x_cl.o(.text)
    RTCAlarm_IRQHandler                      0x0800019f   Thumb Code     0  startup_stm32f10x_cl.o(.text)
    RTC_IRQHandler                           0x0800019f   Thumb Code     0  startup_stm32f10x_cl.o(.text)
    SPI1_IRQHandler                          0x0800019f   Thumb Code     0  startup_stm32f10x_cl.o(.text)
    SPI2_IRQHandler                          0x0800019f   Thumb Code     0  startup_stm32f10x_cl.o(.text)
    SPI3_IRQHandler                          0x0800019f   Thumb Code     0  startup_stm32f10x_cl.o(.text)
    TAMPER_IRQHandler                        0x0800019f   Thumb Code     0  startup_stm32f10x_cl.o(.text)
    TIM1_BRK_IRQHandler                      0x0800019f   Thumb Code     0  startup_stm32f10x_cl.o(.text)
    TIM1_CC_IRQHandler                       0x0800019f   Thumb Code     0  startup_stm32f10x_cl.o(.text)
    TIM1_TRG_COM_IRQHandler                  0x0800019f   Thumb Code     0  startup_stm32f10x_cl.o(.text)
    TIM1_UP_IRQHandler                       0x0800019f   Thumb Code     0  startup_stm32f10x_cl.o(.text)
    TIM3_IRQHandler                          0x0800019f   Thumb Code     0  startup_stm32f10x_cl.o(.text)
    TIM4_IRQHandler                          0x0800019f   Thumb Code     0  startup_stm32f10x_cl.o(.text)
    TIM5_IRQHandler                          0x0800019f   Thumb Code     0  startup_stm32f10x_cl.o(.text)
    TIM6_IRQHandler                          0x0800019f   Thumb Code     0  startup_stm32f10x_cl.o(.text)
    TIM7_IRQHandler                          0x0800019f   Thumb Code     0  startup_stm32f10x_cl.o(.text)
    UART4_IRQHandler                         0x0800019f   Thumb Code     0  startup_stm32f10x_cl.o(.text)
    UART5_IRQHandler                         0x0800019f   Thumb Code     0  startup_stm32f10x_cl.o(.text)
    USART2_IRQHandler                        0x0800019f   Thumb Code     0  startup_stm32f10x_cl.o(.text)
    USART3_IRQHandler                        0x0800019f   Thumb Code     0  startup_stm32f10x_cl.o(.text)
    WWDG_IRQHandler                          0x0800019f   Thumb Code     0  startup_stm32f10x_cl.o(.text)
    __aeabi_memcpy                           0x080001a9   Thumb Code    36  memcpya.o(.text)
    __aeabi_memcpy4                          0x080001a9   Thumb Code     0  memcpya.o(.text)
    __aeabi_memcpy8                          0x080001a9   Thumb Code     0  memcpya.o(.text)
    __scatterload                            0x080001cd   Thumb Code    28  init.o(.text)
    __scatterload_rt2                        0x080001cd   Thumb Code     0  init.o(.text)
    BusFault_Handler                         0x080001f1   Thumb Code     2  stm32f10x_it.o(i.BusFault_Handler)
    DebugMon_Handler                         0x080001f3   Thumb Code     2  stm32f10x_it.o(i.DebugMon_Handler)
    FLASH_ErasePage                          0x080001f5   Thumb Code    56  stm32f10x_flash.o(i.FLASH_ErasePage)
    FLASH_GetBank1Status                     0x08000231   Thumb Code    34  stm32f10x_flash.o(i.FLASH_GetBank1Status)
    FLASH_Lock                               0x08000259   Thumb Code    12  stm32f10x_flash.o(i.FLASH_Lock)
    FLASH_ProgramWord                        0x08000269   Thumb Code    76  stm32f10x_flash.o(i.FLASH_ProgramWord)
    FLASH_Unlock                             0x080002b9   Thumb Code    12  stm32f10x_flash.o(i.FLASH_Unlock)
    FLASH_WaitForLastOperation               0x080002d1   Thumb Code    36  stm32f10x_flash.o(i.FLASH_WaitForLastOperation)
    GPIO_Init                                0x080002f5   Thumb Code   162  stm32f10x_gpio.o(i.GPIO_Init)
    HardFault_Handler                        0x08000397   Thumb Code     2  stm32f10x_it.o(i.HardFault_Handler)
    MemManage_Handler                        0x08000399   Thumb Code     2  stm32f10x_it.o(i.MemManage_Handler)
    NMI_Handler                              0x0800039b   Thumb Code     2  stm32f10x_it.o(i.NMI_Handler)
    NVIC_Init                                0x0800039d   Thumb Code    94  misc.o(i.NVIC_Init)
    RCC_APB1PeriphClockCmd                   0x08000401   Thumb Code    18  stm32f10x_rcc.o(i.RCC_APB1PeriphClockCmd)
    RCC_APB2PeriphClockCmd                   0x08000419   Thumb Code    18  stm32f10x_rcc.o(i.RCC_APB2PeriphClockCmd)
    RCC_GetClocksFreq                        0x08000431   Thumb Code   128  stm32f10x_rcc.o(i.RCC_GetClocksFreq)
    SVC_Handler                              0x080004c1   Thumb Code     2  stm32f10x_it.o(i.SVC_Handler)
    SysTick_Handler                          0x0800056d   Thumb Code     2  stm32f10x_it.o(i.SysTick_Handler)
    SystemInit                               0x08000571   Thumb Code    64  system_stm32f10x.o(i.SystemInit)
    TIM2_IRQHandler                          0x080005c1   Thumb Code    42  stm32f10x_it.o(i.TIM2_IRQHandler)
    TIM_ClearFlag                            0x080005f1   Thumb Code     6  stm32f10x_tim.o(i.TIM_ClearFlag)
    TIM_Cmd                                  0x080005f7   Thumb Code    20  stm32f10x_tim.o(i.TIM_Cmd)
    TIM_GetITStatus                          0x0800060b   Thumb Code    24  stm32f10x_tim.o(i.TIM_GetITStatus)
    TIM_ITConfig                             0x08000623   Thumb Code    16  stm32f10x_tim.o(i.TIM_ITConfig)
    TIM_TimeBaseInit                         0x08000635   Thumb Code   114  stm32f10x_tim.o(i.TIM_TimeBaseInit)
    USART1_IRQHandler                        0x080006d1   Thumb Code    44  stm32f10x_it.o(i.USART1_IRQHandler)
    USART_Cmd                                0x08000709   Thumb Code    20  stm32f10x_usart.o(i.USART_Cmd)
    USART_GetFlagStatus                      0x0800071d   Thumb Code    14  stm32f10x_usart.o(i.USART_GetFlagStatus)
    USART_GetITStatus                        0x0800072b   Thumb Code    62  stm32f10x_usart.o(i.USART_GetITStatus)
    USART_ITConfig                           0x08000769   Thumb Code    48  stm32f10x_usart.o(i.USART_ITConfig)
    USART_Init                               0x08000799   Thumb Code   166  stm32f10x_usart.o(i.USART_Init)
    USART_ReceiveData                        0x08000845   Thumb Code     8  stm32f10x_usart.o(i.USART_ReceiveData)
    USART_SendData                           0x0800084d   Thumb Code     8  stm32f10x_usart.o(i.USART_SendData)
    UsageFault_Handler                       0x08000855   Thumb Code     2  stm32f10x_it.o(i.UsageFault_Handler)
    __cpu_disable_int                        0x08000857   Thumb Code    56  cpu_c.o(i.__cpu_disable_int)
    __cpu_goto_app                           0x08000891   Thumb Code    32  cpu_c.o(i.__cpu_goto_app)
    __scatterload_copy                       0x080008b5   Thumb Code    14  handlers.o(i.__scatterload_copy)
    __scatterload_null                       0x080008c3   Thumb Code     2  handlers.o(i.__scatterload_null)
    __scatterload_zeroinit                   0x080008c5   Thumb Code    14  handlers.o(i.__scatterload_zeroinit)
    __str_cmp                                0x080008d3   Thumb Code    42  boot.o(i.__str_cmp)
    b_fun                                    0x080008fd   Thumb Code    24  command.o(i.b_fun)
    command_init                             0x08000955   Thumb Code    74  command.o(i.command_init)
    default_var                              0x080009bd   Thumb Code    72  boot.o(i.default_var)
    eraseflash_fun                           0x08000a15   Thumb Code     2  command.o(i.eraseflash_fun)
    falsh_erase_len                          0x08000a17   Thumb Code    28  flash.o(i.falsh_erase_len)
    flash_erase_page                         0x08000a33   Thumb Code    22  flash.o(i.flash_erase_page)
    flash_rd                                 0x08000a49   Thumb Code    20  flash.o(i.flash_rd)
    flash_wr                                 0x08000a5d   Thumb Code    92  flash.o(i.flash_wr)
    get_str                                  0x08000ab9   Thumb Code    14  boot.o(i.get_str)
    main                                     0x08000acd   Thumb Code    18  main.o(i.main)
    n_boot_memu                              0x08000ae1   Thumb Code   198  boot.o(i.n_boot_memu)
    n_boot_printf                            0x08000dc9   Thumb Code    54  boot.o(i.n_boot_printf)
    printf_var_fun                           0x08000e01   Thumb Code    48  command.o(i.printf_var_fun)
    rd_boot_var                              0x08000f61   Thumb Code    42  boot.o(i.rd_boot_var)
    receive_command                          0x08000f99   Thumb Code    80  boot.o(i.receive_command)
    s_fun                                    0x08000ff9   Thumb Code    66  command.o(i.s_fun)
    send_hex                                 0x080010a1   Thumb Code    82  boot.o(i.send_hex)
    send_str                                 0x080010f9   Thumb Code    20  boot.o(i.send_str)
    send_str_prefix                          0x0800110d   Thumb Code    16  boot.o(i.send_str_prefix)
    send_var                                 0x08001135   Thumb Code    74  boot.o(i.send_var)
    setvar_fun                               0x08001181   Thumb Code    92  command.o(i.setvar_fun)
    str_to_hex                               0x08001235   Thumb Code    26  boot.o(i.str_to_hex)
    sys_timer2_init                          0x0800124f   Thumb Code   104  sys.o(i.sys_timer2_init)
    sys_uart1_init                           0x080012b9   Thumb Code   154  sys.o(i.sys_uart1_init)
    sys_uart1_sendchar                       0x0800135d   Thumb Code    30  sys.o(i.sys_uart1_sendchar)
    translate_command                        0x08001381   Thumb Code    96  boot.o(i.translate_command)
    translate_tag                            0x080013f9   Thumb Code    50  boot.o(i.translate_tag)
    wr_boot_var                              0x08001439   Thumb Code    40  boot.o(i.wr_boot_var)
    xm_crc16_ccitt                           0x0800146d   Thumb Code    38  xmodem_crc16.o(i.xm_crc16_ccitt)
    xm_disp                                  0x08001499   Thumb Code    22  xmodem.o(i.xm_disp)
    xm_inbyte                                0x080014b1   Thumb Code    40  xmodem.o(i.xm_inbyte)
    xm_outbyte                               0x080014dd   Thumb Code    14  xmodem.o(i.xm_outbyte)
    xm_port_read                             0x080014ed   Thumb Code    32  xmodem_hw.o(i.xm_port_read)
    xm_port_write                            0x08001511   Thumb Code    28  xmodem_hw.o(i.xm_port_write)
    xm_receive                               0x08001531   Thumb Code   400  xmodem.o(i.xm_receive)
    xm_timer                                 0x080016ed   Thumb Code    10  xmodem_hw.o(i.xm_timer)
    Region$$Table$$Base                      0x080019c0   Number         0  anon$$obj.o(Region$$Table)
    Region$$Table$$Limit                     0x080019e0   Number         0  anon$$obj.o(Region$$Table)
    g_compel_out                             0x20000014   Data           1  boot.o(.data)
    uart_rx_index                            0x20000015   Data           1  boot.o(.data)
    uart_rx_ok                               0x20000016   Data           1  boot.o(.data)
    letf_mov                                 0x20000017   Data           4  boot.o(.data)
    g_delay_ms                               0x2000001c   Data           4  boot.o(.data)
    receive_input                            0x20000020   Data           4  boot.o(.data)
    xmodem_timeout                           0x20000024   Data           2  xmodem.o(.data)
    command_index                            0x2000002c   Data           1  command.o(.data)
    g_comman_num                             0x2000002d   Data           1  command.o(.data)
    b_name                                   0x20000030   Data           4  command.o(.data)
    s_name                                   0x20000034   Data           4  command.o(.data)
    printf_var_name                          0x20000038   Data           4  command.o(.data)
    setvar_name                              0x2000003c   Data           4  command.o(.data)
    eraseflash_name                          0x20000040   Data           4  command.o(.data)
    var_name                                 0x20000044   Data          32  command.o(.data)
    gt_boot_var                              0x20000064   Data          28  boot.o(.bss)
    uart_rx_buf                              0x20000080   Data        2048  boot.o(.bss)
    flash_buf                                0x20000880   Data        1024  boot.o(.bss)
    xm_buf                                   0x20000c80   Data        1030  xmodem.o(.bss)
    gt_comman                                0x20001088   Data         800  command.o(.bss)
    gp_comman_tag                            0x200013a8   Data          40  command.o(.bss)
    __initial_sp                             0x200017d0   Data           0  startup_stm32f10x_cl.o(STACK)



==============================================================================

Memory Map of the image

  Image Entry point : 0x08000151

  Load Region LR_IROM1 (Base: 0x08000000, Size: 0x00001a44, Max: 0x00080000, ABSOLUTE)

    Execution Region ER_IROM1 (Base: 0x08000000, Size: 0x000019e0, Max: 0x00080000, ABSOLUTE)

    Base Addr    Size         Type   Attr      Idx    E Section Name        Object

    0x08000000   0x00000150   Data   RO            3    RESET               startup_stm32f10x_cl.o
    0x08000150   0x00000000   Code   RO         3687  * .ARM.Collect$$$$00000000  mc_w.l(entry.o)
    0x08000150   0x00000004   Code   RO         3694    .ARM.Collect$$$$00000001  mc_w.l(entry2.o)
    0x08000154   0x00000004   Code   RO         3697    .ARM.Collect$$$$00000004  mc_w.l(entry5.o)
    0x08000158   0x00000000   Code   RO         3699    .ARM.Collect$$$$00000008  mc_w.l(entry7b.o)
    0x08000158   0x00000000   Code   RO         3701    .ARM.Collect$$$$0000000A  mc_w.l(entry8b.o)
    0x08000158   0x00000008   Code   RO         3702    .ARM.Collect$$$$0000000B  mc_w.l(entry9a.o)
    0x08000160   0x00000000   Code   RO         3704    .ARM.Collect$$$$0000000D  mc_w.l(entry10a.o)
    0x08000160   0x00000000   Code   RO         3706    .ARM.Collect$$$$0000000F  mc_w.l(entry11a.o)
    0x08000160   0x00000004   Code   RO         3695    .ARM.Collect$$$$00002712  mc_w.l(entry2.o)
    0x08000164   0x00000020   Code   RO         3085    .emb_text           core_cm3.o
    0x08000184   0x00000024   Code   RO            4    .text               startup_stm32f10x_cl.o
    0x080001a8   0x00000024   Code   RO         3690    .text               mc_w.l(memcpya.o)
    0x080001cc   0x00000024   Code   RO         3708    .text               mc_w.l(init.o)
    0x080001f0   0x00000002   Code   RO         3140    i.BusFault_Handler  stm32f10x_it.o
    0x080001f2   0x00000002   Code   RO         3141    i.DebugMon_Handler  stm32f10x_it.o
    0x080001f4   0x0000003c   Code   RO          932    i.FLASH_ErasePage   stm32f10x_flash.o
    0x08000230   0x00000028   Code   RO          933    i.FLASH_GetBank1Status  stm32f10x_flash.o
    0x08000258   0x00000010   Code   RO          942    i.FLASH_Lock        stm32f10x_flash.o
    0x08000268   0x00000050   Code   RO          947    i.FLASH_ProgramWord  stm32f10x_flash.o
    0x080002b8   0x00000018   Code   RO          950    i.FLASH_Unlock      stm32f10x_flash.o
    0x080002d0   0x00000024   Code   RO          954    i.FLASH_WaitForLastOperation  stm32f10x_flash.o
    0x080002f4   0x000000a2   Code   RO         1225    i.GPIO_Init         stm32f10x_gpio.o
    0x08000396   0x00000002   Code   RO         3142    i.HardFault_Handler  stm32f10x_it.o
    0x08000398   0x00000002   Code   RO         3143    i.MemManage_Handler  stm32f10x_it.o
    0x0800039a   0x00000002   Code   RO         3144    i.NMI_Handler       stm32f10x_it.o
    0x0800039c   0x00000064   Code   RO           10    i.NVIC_Init         misc.o
    0x08000400   0x00000018   Code   RO         1650    i.RCC_APB1PeriphClockCmd  stm32f10x_rcc.o
    0x08000418   0x00000018   Code   RO         1652    i.RCC_APB2PeriphClockCmd  stm32f10x_rcc.o
    0x08000430   0x00000090   Code   RO         1660    i.RCC_GetClocksFreq  stm32f10x_rcc.o
    0x080004c0   0x00000002   Code   RO         3145    i.SVC_Handler       stm32f10x_it.o
    0x080004c2   0x00000002   PAD
    0x080004c4   0x000000a8   Code   RO         3095    i.SetSysClockTo72   system_stm32f10x.o
    0x0800056c   0x00000002   Code   RO         3146    i.SysTick_Handler   stm32f10x_it.o
    0x0800056e   0x00000002   PAD
    0x08000570   0x00000050   Code   RO         3097    i.SystemInit        system_stm32f10x.o
    0x080005c0   0x00000030   Code   RO         3147    i.TIM2_IRQHandler   stm32f10x_it.o
    0x080005f0   0x00000006   Code   RO         2320    i.TIM_ClearFlag     stm32f10x_tim.o
    0x080005f6   0x00000014   Code   RO         2326    i.TIM_Cmd           stm32f10x_tim.o
    0x0800060a   0x00000018   Code   RO         2347    i.TIM_GetITStatus   stm32f10x_tim.o
    0x08000622   0x00000010   Code   RO         2351    i.TIM_ITConfig      stm32f10x_tim.o
    0x08000632   0x00000002   PAD
    0x08000634   0x0000009c   Code   RO         2397    i.TIM_TimeBaseInit  stm32f10x_tim.o
    0x080006d0   0x00000038   Code   RO         3148    i.USART1_IRQHandler  stm32f10x_it.o
    0x08000708   0x00000014   Code   RO         2852    i.USART_Cmd         stm32f10x_usart.o
    0x0800071c   0x0000000e   Code   RO         2855    i.USART_GetFlagStatus  stm32f10x_usart.o
    0x0800072a   0x0000003e   Code   RO         2856    i.USART_GetITStatus  stm32f10x_usart.o
    0x08000768   0x00000030   Code   RO         2858    i.USART_ITConfig    stm32f10x_usart.o
    0x08000798   0x000000ac   Code   RO         2859    i.USART_Init        stm32f10x_usart.o
    0x08000844   0x00000008   Code   RO         2866    i.USART_ReceiveData  stm32f10x_usart.o
    0x0800084c   0x00000008   Code   RO         2869    i.USART_SendData    stm32f10x_usart.o
    0x08000854   0x00000002   Code   RO         3149    i.UsageFault_Handler  stm32f10x_it.o
    0x08000856   0x00000038   Code   RO         3479    i.__cpu_disable_int  cpu_c.o
    0x0800088e   0x00000002   PAD
    0x08000890   0x00000024   Code   RO         3480    i.__cpu_goto_app    cpu_c.o
    0x080008b4   0x0000000e   Code   RO         3712    i.__scatterload_copy  mc_w.l(handlers.o)
    0x080008c2   0x00000002   Code   RO         3713    i.__scatterload_null  mc_w.l(handlers.o)
    0x080008c4   0x0000000e   Code   RO         3714    i.__scatterload_zeroinit  mc_w.l(handlers.o)
    0x080008d2   0x0000002a   Code   RO         3352    i.__str_cmp         boot.o
    0x080008fc   0x00000058   Code   RO         3556    i.b_fun             command.o
    0x08000954   0x00000068   Code   RO         3557    i.command_init      command.o
    0x080009bc   0x00000058   Code   RO         3353    i.default_var       boot.o
    0x08000a14   0x00000002   Code   RO         3558    i.eraseflash_fun    command.o
    0x08000a16   0x0000001c   Code   RO         3610    i.falsh_erase_len   flash.o
    0x08000a32   0x00000016   Code   RO         3611    i.flash_erase_page  flash.o
    0x08000a48   0x00000014   Code   RO         3612    i.flash_rd          flash.o
    0x08000a5c   0x0000005c   Code   RO         3613    i.flash_wr          flash.o
    0x08000ab8   0x00000014   Code   RO         3354    i.get_str           boot.o
    0x08000acc   0x00000012   Code   RO         3242    i.main              main.o
    0x08000ade   0x00000002   PAD
    0x08000ae0   0x000002e8   Code   RO         3355    i.n_boot_memu       boot.o
    0x08000dc8   0x00000036   Code   RO         3356    i.n_boot_printf     boot.o
    0x08000dfe   0x00000002   PAD
    0x08000e00   0x00000160   Code   RO         3559    i.printf_var_fun    command.o
    0x08000f60   0x00000038   Code   RO         3358    i.rd_boot_var       boot.o
    0x08000f98   0x00000060   Code   RO         3359    i.receive_command   boot.o
    0x08000ff8   0x000000a8   Code   RO         3560    i.s_fun             command.o
    0x080010a0   0x00000058   Code   RO         3361    i.send_hex          boot.o
    0x080010f8   0x00000014   Code   RO         3362    i.send_str          boot.o
    0x0800110c   0x00000028   Code   RO         3363    i.send_str_prefix   boot.o
    0x08001134   0x0000004a   Code   RO         3364    i.send_var          boot.o
    0x0800117e   0x00000002   PAD
    0x08001180   0x000000b4   Code   RO         3561    i.setvar_fun        command.o
    0x08001234   0x0000001a   Code   RO         3365    i.str_to_hex        boot.o
    0x0800124e   0x00000068   Code   RO         3285    i.sys_timer2_init   sys.o
    0x080012b6   0x00000002   PAD
    0x080012b8   0x000000a4   Code   RO         3287    i.sys_uart1_init    sys.o
    0x0800135c   0x00000024   Code   RO         3288    i.sys_uart1_sendchar  sys.o
    0x08001380   0x00000078   Code   RO         3366    i.translate_command  boot.o
    0x080013f8   0x00000040   Code   RO         3367    i.translate_tag     boot.o
    0x08001438   0x00000034   Code   RO         3368    i.wr_boot_var       boot.o
    0x0800146c   0x0000002c   Code   RO         3643    i.xm_crc16_ccitt    xmodem_crc16.o
    0x08001498   0x00000016   Code   RO         3500    i.xm_disp           xmodem.o
    0x080014ae   0x00000002   PAD
    0x080014b0   0x0000002c   Code   RO         3501    i.xm_inbyte         xmodem.o
    0x080014dc   0x0000000e   Code   RO         3504    i.xm_outbyte        xmodem.o
    0x080014ea   0x00000002   PAD
    0x080014ec   0x00000024   Code   RO         3657    i.xm_port_read      xmodem_hw.o
    0x08001510   0x00000020   Code   RO         3658    i.xm_port_write     xmodem_hw.o
    0x08001530   0x000001bc   Code   RO         3505    i.xm_receive        xmodem.o
    0x080016ec   0x00000010   Code   RO         3659    i.xm_timer          xmodem_hw.o
    0x080016fc   0x00000200   Data   RO         3644    .constdata          xmodem_crc16.o
    0x080018fc   0x00000047   Data   RO         3370    .conststring        boot.o
    0x08001943   0x00000001   PAD
    0x08001944   0x0000007c   Data   RO         3563    .conststring        command.o
    0x080019c0   0x00000020   Data   RO         3710    Region$$Table       anon$$obj.o


    Execution Region RW_IRAM1 (Base: 0x20000000, Size: 0x000017d0, Max: 0x00010000, ABSOLUTE)

    Base Addr    Size         Type   Attr      Idx    E Section Name        Object

    0x20000000   0x00000014   Data   RW         1680    .data               stm32f10x_rcc.o
    0x20000014   0x00000010   Data   RW         3371    .data               boot.o
    0x20000024   0x00000008   Data   RW         3508    .data               xmodem.o
    0x2000002c   0x00000038   Data   RW         3564    .data               command.o
    0x20000064   0x00000c1c   Zero   RW         3369    .bss                boot.o
    0x20000c80   0x00000406   Zero   RW         3507    .bss                xmodem.o
    0x20001086   0x00000002   PAD
    0x20001088   0x00000348   Zero   RW         3562    .bss                command.o
    0x200013d0   0x00000400   Zero   RW            1    STACK               startup_stm32f10x_cl.o


==============================================================================

Image component sizes


      Code (inc. data)   RO Data    RW Data    ZI Data      Debug   Object Name

      1584        678         71         16       3100       8476   boot.o
       894        588        124         56        840       3818   command.o
        32          0          0          0          0        484   core_cm3.o
        92          4          0          0          0       1717   cpu_c.o
       162          0          0          0          0       2099   flash.o
        18          0          0          0          0        375   main.o
       100          6          0          0          0     239096   misc.o
        36          8        336          0       1024        776   startup_stm32f10x_cl.o
       256         30          0          0          0       4479   stm32f10x_flash.o
       162          0          0          0          0       1580   stm32f10x_gpio.o
       120         18          0          0          0       4655   stm32f10x_it.o
       192         28          0         20          0       3942   stm32f10x_rcc.o
       222         42          0          0          0      23897   stm32f10x_tim.o
       332          6          0          0          0       4989   stm32f10x_usart.o
       304         16          0          0          0       1512   sys.o
       248         24          0          0          0       1373   system_stm32f10x.o
       524         48          0          8       1030       3394   xmodem.o
        44          6        512          0          0        917   xmodem_crc16.o
        84         14          0          0          0       1518   xmodem_hw.o

    ----------------------------------------------------------------------
      5426       1516       1076        100       5996     309097   Object Totals
         0          0         32          0          0          0   (incl. Generated)
        20          0          1          0          2          0   (incl. Padding)

    ----------------------------------------------------------------------

      Code (inc. data)   RO Data    RW Data    ZI Data      Debug   Library Member Name

         0          0          0          0          0          0   entry.o
         0          0          0          0          0          0   entry10a.o
         0          0          0          0          0          0   entry11a.o
         8          4          0          0          0          0   entry2.o
         4          0          0          0          0          0   entry5.o
         0          0          0          0          0          0   entry7b.o
         0          0          0          0          0          0   entry8b.o
         8          4          0          0          0          0   entry9a.o
        30          0          0          0          0          0   handlers.o
        36          8          0          0          0         68   init.o
        36          0          0          0          0         68   memcpya.o

    ----------------------------------------------------------------------
       122         16          0          0          0        136   Library Totals
         0          0          0          0          0          0   (incl. Padding)

    ----------------------------------------------------------------------

      Code (inc. data)   RO Data    RW Data    ZI Data      Debug   Library Name

       122         16          0          0          0        136   mc_w.l

    ----------------------------------------------------------------------
       122         16          0          0          0        136   Library Totals

    ----------------------------------------------------------------------

==============================================================================


      Code (inc. data)   RO Data    RW Data    ZI Data      Debug   

      5548       1532       1076        100       5996     305745   Grand Totals
      5548       1532       1076        100       5996     305745   ELF Image Totals
      5548       1532       1076        100          0          0   ROM Totals

==============================================================================

    Total RO  Size (Code + RO Data)                 6624 (   6.47kB)
    Total RW  Size (RW Data + ZI Data)              6096 (   5.95kB)
    Total ROM Size (Code + RO Data + RW Data)       6724 (   6.57kB)

==============================================================================

